Oct 14 20:52:21 kafka-downstream chronyd[856]: System clock interference detected (another NTP client?)
Oct 14 20:55:23 kafka-downstream chronyd[856]: System clock interference detected (another NTP client?)
Oct 14 21:00:20 kafka-downstream NetworkManager[1018]: <info>  [1760468420.0924] dhcp4 (ens160): state changed new lease, address=192.168.153.148
Oct 14 21:00:20 kafka-downstream systemd[1]: Starting NetworkManager-dispatcher.service - Network Manager Script Dispatcher Service...
Oct 14 21:00:20 kafka-downstream systemd[1]: Started NetworkManager-dispatcher.service - Network Manager Script Dispatcher Service.
Oct 14 21:00:20 kafka-downstream audit[1]: SERVICE_START pid=1 uid=0 auid=4294967295 ses=4294967295 subj=system_u:system_r:init_t:s0 msg='unit=NetworkManager-dispatcher comm="systemd" exe="/usr/lib/systemd/systemd" hostname=? addr=? terminal=? res=success'
Oct 14 21:00:30 kafka-downstream systemd[1]: NetworkManager-dispatcher.service: Deactivated successfully.
Oct 14 21:00:30 kafka-downstream audit[1]: SERVICE_STOP pid=1 uid=0 auid=4294967295 ses=4294967295 subj=system_u:system_r:init_t:s0 msg='unit=NetworkManager-dispatcher comm="systemd" exe="/usr/lib/systemd/systemd" hostname=? addr=? terminal=? res=success'
Oct 14 21:01:47 kafka-downstream cupsd[1045]: REQUEST localhost - - "POST / HTTP/1.1" 200 185 Renew-Subscription client-error-not-found
Oct 14 21:15:20 kafka-downstream NetworkManager[1018]: <info>  [1760469320.0924] dhcp4 (ens160): state changed new lease, address=192.168.153.148
Oct 14 21:15:20 kafka-downstream systemd[1]: Starting NetworkManager-dispatcher.service - Network Manager Script Dispatcher Service...
Oct 14 21:15:20 kafka-downstream systemd[1]: Started NetworkManager-dispatcher.service - Network Manager Script Dispatcher Service.
Oct 14 21:15:20 kafka-downstream audit[1]: SERVICE_START pid=1 uid=0 auid=4294967295 ses=4294967295 subj=system_u:system_r:init_t:s0 msg='unit=NetworkManager-dispatcher comm="systemd" exe="/usr/lib/systemd/systemd" hostname=? addr=? terminal=? res=success'
Oct 14 21:15:30 kafka-downstream systemd[1]: NetworkManager-dispatcher.service: Deactivated successfully.
Oct 14 21:15:30 kafka-downstream audit[1]: SERVICE_STOP pid=1 uid=0 auid=4294967295 ses=4294967295 subj=system_u:system_r:init_t:s0 msg='unit=NetworkManager-dispatcher comm="systemd" exe="/usr/lib/systemd/systemd" hostname=? addr=? terminal=? res=success'
Oct 14 21:20:36 kafka-downstream chronyd[856]: Detected falseticker 194.58.205.148 (2.fedora.pool.ntp.org)
Oct 14 21:20:36 kafka-downstream chronyd[856]: Selected source 176.126.86.247 (2.fedora.pool.ntp.org)
Oct 14 21:21:38 kafka-downstream chronyd[856]: Detected falseticker 176.126.86.247 (2.fedora.pool.ntp.org)
Oct 14 21:21:39 kafka-downstream chronyd[856]: Selected source 155.4.55.243 (2.fedora.pool.ntp.org)
Oct 14 21:21:41 kafka-downstream chronyd[856]: Detected falseticker 176.126.86.247 (2.fedora.pool.ntp.org)
Oct 14 21:30:20 kafka-downstream NetworkManager[1018]: <info>  [1760470220.0931] dhcp4 (ens160): state changed new lease, address=192.168.153.148
Oct 14 21:30:20 kafka-downstream systemd[1]: Starting NetworkManager-dispatcher.service - Network Manager Script Dispatcher Service...
Oct 14 21:30:20 kafka-downstream audit[1]: SERVICE_START pid=1 uid=0 auid=4294967295 ses=4294967295 subj=system_u:system_r:init_t:s0 msg='unit=NetworkManager-dispatcher comm="systemd" exe="/usr/lib/systemd/systemd" hostname=? addr=? terminal=? res=success'
Oct 14 21:30:20 kafka-downstream systemd[1]: Started NetworkManager-dispatcher.service - Network Manager Script Dispatcher Service.
Oct 14 21:30:30 kafka-downstream systemd[1]: NetworkManager-dispatcher.service: Deactivated successfully.
Oct 14 21:30:30 kafka-downstream audit[1]: SERVICE_STOP pid=1 uid=0 auid=4294967295 ses=4294967295 subj=system_u:system_r:init_t:s0 msg='unit=NetworkManager-dispatcher comm="systemd" exe="/usr/lib/systemd/systemd" hostname=? addr=? terminal=? res=success'
Oct 14 21:33:32 kafka-downstream chronyd[856]: Selected source 194.58.205.148 (2.fedora.pool.ntp.org)
Oct 14 21:43:11 kafka-downstream chronyd[856]: Selected source 155.4.55.243 (2.fedora.pool.ntp.org)
Oct 14 21:45:20 kafka-downstream NetworkManager[1018]: <info>  [1760471120.0935] dhcp4 (ens160): state changed new lease, address=192.168.153.148
Oct 14 21:45:20 kafka-downstream systemd[1]: Starting NetworkManager-dispatcher.service - Network Manager Script Dispatcher Service...
Oct 14 21:45:20 kafka-downstream systemd[1]: Started NetworkManager-dispatcher.service - Network Manager Script Dispatcher Service.
Oct 14 21:45:20 kafka-downstream audit[1]: SERVICE_START pid=1 uid=0 auid=4294967295 ses=4294967295 subj=system_u:system_r:init_t:s0 msg='unit=NetworkManager-dispatcher comm="systemd" exe="/usr/lib/systemd/systemd" hostname=? addr=? terminal=? res=success'
Oct 14 21:45:30 kafka-downstream systemd[1]: NetworkManager-dispatcher.service: Deactivated successfully.
Oct 14 21:45:30 kafka-downstream audit[1]: SERVICE_STOP pid=1 uid=0 auid=4294967295 ses=4294967295 subj=system_u:system_r:init_t:s0 msg='unit=NetworkManager-dispatcher comm="systemd" exe="/usr/lib/systemd/systemd" hostname=? addr=? terminal=? res=success'
Oct 14 21:49:41 kafka-downstream chronyd[856]: Selected source 194.58.205.148 (2.fedora.pool.ntp.org)
Oct 14 21:56:07 kafka-downstream chronyd[856]: Selected source 155.4.55.243 (2.fedora.pool.ntp.org)
Oct 14 22:00:07 kafka-downstream cupsd[1045]: REQUEST localhost - - "POST / HTTP/1.1" 200 185 Renew-Subscription client-error-not-found
Oct 14 22:00:20 kafka-downstream NetworkManager[1018]: <info>  [1760472020.0899] dhcp4 (ens160): state changed new lease, address=192.168.153.148
Oct 14 22:00:20 kafka-downstream systemd[1]: Starting NetworkManager-dispatcher.service - Network Manager Script Dispatcher Service...
Oct 14 22:00:20 kafka-downstream systemd[1]: Started NetworkManager-dispatcher.service - Network Manager Script Dispatcher Service.
Oct 14 22:00:20 kafka-downstream audit[1]: SERVICE_START pid=1 uid=0 auid=4294967295 ses=4294967295 subj=system_u:system_r:init_t:s0 msg='unit=NetworkManager-dispatcher comm="systemd" exe="/usr/lib/systemd/systemd" hostname=? addr=? terminal=? res=success'
Oct 14 22:00:30 kafka-downstream systemd[1]: NetworkManager-dispatcher.service: Deactivated successfully.
Oct 14 22:00:30 kafka-downstream audit[1]: SERVICE_STOP pid=1 uid=0 auid=4294967295 ses=4294967295 subj=system_u:system_r:init_t:s0 msg='unit=NetworkManager-dispatcher comm="systemd" exe="/usr/lib/systemd/systemd" hostname=? addr=? terminal=? res=success'
Oct 14 22:08:00 kafka-downstream chronyd[856]: Selected source 194.58.205.148 (2.fedora.pool.ntp.org)
Oct 14 22:15:20 kafka-downstream NetworkManager[1018]: <info>  [1760472920.0934] dhcp4 (ens160): state changed new lease, address=192.168.153.148
Oct 14 22:15:20 kafka-downstream systemd[1]: Starting NetworkManager-dispatcher.service - Network Manager Script Dispatcher Service...
Oct 14 22:15:20 kafka-downstream systemd[1]: Started NetworkManager-dispatcher.service - Network Manager Script Dispatcher Service.
Oct 14 22:15:20 kafka-downstream audit[1]: SERVICE_START pid=1 uid=0 auid=4294967295 ses=4294967295 subj=system_u:system_r:init_t:s0 msg='unit=NetworkManager-dispatcher comm="systemd" exe="/usr/lib/systemd/systemd" hostname=? addr=? terminal=? res=success'
Oct 14 22:15:30 kafka-downstream systemd[1]: NetworkManager-dispatcher.service: Deactivated successfully.
Oct 14 22:15:30 kafka-downstream audit[1]: SERVICE_STOP pid=1 uid=0 auid=4294967295 ses=4294967295 subj=system_u:system_r:init_t:s0 msg='unit=NetworkManager-dispatcher comm="systemd" exe="/usr/lib/systemd/systemd" hostname=? addr=? terminal=? res=success'
Oct 14 22:22:01 kafka-downstream chronyd[856]: Detected falseticker 194.58.205.148 (2.fedora.pool.ntp.org)
Oct 14 22:22:01 kafka-downstream chronyd[856]: Detected falseticker 176.126.86.247 (2.fedora.pool.ntp.org)
Oct 14 22:22:01 kafka-downstream chronyd[856]: Selected source 192.121.108.99 (2.fedora.pool.ntp.org)
Oct 14 22:22:01 kafka-downstream chronyd[856]: Detected falseticker 176.126.86.247 (2.fedora.pool.ntp.org)
Oct 14 22:24:08 kafka-downstream chronyd[856]: Selected source 176.126.86.247 (2.fedora.pool.ntp.org)
Oct 14 22:30:20 kafka-downstream NetworkManager[1018]: <info>  [1760473820.0993] dhcp4 (ens160): state changed new lease, address=192.168.153.148
Oct 14 22:30:20 kafka-downstream systemd[1]: Starting NetworkManager-dispatcher.service - Network Manager Script Dispatcher Service...
Oct 14 22:30:20 kafka-downstream audit[1]: SERVICE_START pid=1 uid=0 auid=4294967295 ses=4294967295 subj=system_u:system_r:init_t:s0 msg='unit=NetworkManager-dispatcher comm="systemd" exe="/usr/lib/systemd/systemd" hostname=? addr=? terminal=? res=success'
Oct 14 22:30:20 kafka-downstream systemd[1]: Started NetworkManager-dispatcher.service - Network Manager Script Dispatcher Service.
Oct 14 22:30:30 kafka-downstream systemd[1]: NetworkManager-dispatcher.service: Deactivated successfully.
Oct 14 22:30:30 kafka-downstream audit[1]: SERVICE_STOP pid=1 uid=0 auid=4294967295 ses=4294967295 subj=system_u:system_r:init_t:s0 msg='unit=NetworkManager-dispatcher comm="systemd" exe="/usr/lib/systemd/systemd" hostname=? addr=? terminal=? res=success'
Oct 14 22:31:42 kafka-downstream chronyd[856]: Selected source 194.58.205.148 (2.fedora.pool.ntp.org)
Oct 14 22:36:01 kafka-downstream chronyd[856]: Detected falseticker 176.126.86.247 (2.fedora.pool.ntp.org)
Oct 14 22:45:20 kafka-downstream NetworkManager[1018]: <info>  [1760474720.1044] dhcp4 (ens160): state changed new lease, address=192.168.153.148
Oct 14 22:45:20 kafka-downstream systemd[1]: Starting NetworkManager-dispatcher.service - Network Manager Script Dispatcher Service...
Oct 14 22:45:20 kafka-downstream systemd[1]: Started NetworkManager-dispatcher.service - Network Manager Script Dispatcher Service.
Oct 14 22:45:20 kafka-downstream audit[1]: SERVICE_START pid=1 uid=0 auid=4294967295 ses=4294967295 subj=system_u:system_r:init_t:s0 msg='unit=NetworkManager-dispatcher comm="systemd" exe="/usr/lib/systemd/systemd" hostname=? addr=? terminal=? res=success'
Oct 14 22:45:30 kafka-downstream systemd[1]: NetworkManager-dispatcher.service: Deactivated successfully.
Oct 14 22:45:30 kafka-downstream audit[1]: SERVICE_STOP pid=1 uid=0 auid=4294967295 ses=4294967295 subj=system_u:system_r:init_t:s0 msg='unit=NetworkManager-dispatcher comm="systemd" exe="/usr/lib/systemd/systemd" hostname=? addr=? terminal=? res=success'
Oct 14 22:55:21 kafka-downstream chronyd[856]: System clock interference detected (another NTP client?)
Oct 14 22:58:27 kafka-downstream cupsd[1045]: REQUEST localhost - - "POST / HTTP/1.1" 200 185 Renew-Subscription client-error-not-found
Oct 14 22:59:14 kafka-downstream chronyd[856]: System clock interference detected (another NTP client?)
Oct 14 23:00:20 kafka-downstream NetworkManager[1018]: <info>  [1760475620.0937] dhcp4 (ens160): state changed new lease, address=192.168.153.148
Oct 14 23:00:20 kafka-downstream systemd[1]: Starting NetworkManager-dispatcher.service - Network Manager Script Dispatcher Service...
Oct 14 23:00:20 kafka-downstream audit[1]: SERVICE_START pid=1 uid=0 auid=4294967295 ses=4294967295 subj=system_u:system_r:init_t:s0 msg='unit=NetworkManager-dispatcher comm="systemd" exe="/usr/lib/systemd/systemd" hostname=? addr=? terminal=? res=success'
Oct 14 23:00:20 kafka-downstream systemd[1]: Started NetworkManager-dispatcher.service - Network Manager Script Dispatcher Service.
Oct 14 23:00:30 kafka-downstream systemd[1]: NetworkManager-dispatcher.service: Deactivated successfully.
Oct 14 23:00:30 kafka-downstream audit[1]: SERVICE_STOP pid=1 uid=0 auid=4294967295 ses=4294967295 subj=system_u:system_r:init_t:s0 msg='unit=NetworkManager-dispatcher comm="systemd" exe="/usr/lib/systemd/systemd" hostname=? addr=? terminal=? res=success'
Oct 14 23:00:47 kafka-downstream chronyd[856]: Selected source 176.126.86.247 (2.fedora.pool.ntp.org)
Oct 14 23:06:06 kafka-downstream systemd[1]: Starting dnf-makecache.service - dnf5 makecache...
Oct 14 23:06:06 kafka-downstream dnf5[30346]: Updating and loading repositories:
Oct 14 23:06:07 kafka-downstream dnf5[30346]: Fedora 42 - aarch64 - Updates          100% |  37.4 KiB/s |  16.6 KiB |  00m00s
Oct 14 23:06:07 kafka-downstream dnf5[30346]: Repositories loaded.
Oct 14 23:06:07 kafka-downstream dnf5[30346]: Metadata cache created.
Oct 14 23:06:07 kafka-downstream systemd[1]: dnf-makecache.service: Deactivated successfully.
Oct 14 23:06:07 kafka-downstream systemd[1]: Finished dnf-makecache.service - dnf5 makecache.
Oct 14 23:06:07 kafka-downstream audit[1]: SERVICE_START pid=1 uid=0 auid=4294967295 ses=4294967295 subj=system_u:system_r:init_t:s0 msg='unit=dnf-makecache comm="systemd" exe="/usr/lib/systemd/systemd" hostname=? addr=? terminal=? res=success'
Oct 14 23:06:07 kafka-downstream audit[1]: SERVICE_STOP pid=1 uid=0 auid=4294967295 ses=4294967295 subj=system_u:system_r:init_t:s0 msg='unit=dnf-makecache comm="systemd" exe="/usr/lib/systemd/systemd" hostname=? addr=? terminal=? res=success'
Oct 14 23:06:07 kafka-downstream systemd[1]: dnf-makecache.service: Consumed 529ms CPU time, 113.6M memory peak.
Oct 14 23:15:20 kafka-downstream NetworkManager[1018]: <info>  [1760476520.1003] dhcp4 (ens160): state changed new lease, address=192.168.153.148
Oct 14 23:15:20 kafka-downstream systemd[1]: Starting NetworkManager-dispatcher.service - Network Manager Script Dispatcher Service...
Oct 14 23:15:20 kafka-downstream systemd[1]: Started NetworkManager-dispatcher.service - Network Manager Script Dispatcher Service.
Oct 14 23:15:20 kafka-downstream audit[1]: SERVICE_START pid=1 uid=0 auid=4294967295 ses=4294967295 subj=system_u:system_r:init_t:s0 msg='unit=NetworkManager-dispatcher comm="systemd" exe="/usr/lib/systemd/systemd" hostname=? addr=? terminal=? res=success'
Oct 14 23:15:30 kafka-downstream systemd[1]: NetworkManager-dispatcher.service: Deactivated successfully.
Oct 14 23:15:30 kafka-downstream audit[1]: SERVICE_STOP pid=1 uid=0 auid=4294967295 ses=4294967295 subj=system_u:system_r:init_t:s0 msg='unit=NetworkManager-dispatcher comm="systemd" exe="/usr/lib/systemd/systemd" hostname=? addr=? terminal=? res=success'
Oct 14 23:29:51 kafka-downstream chronyd[856]: Selected source 194.58.205.148 (2.fedora.pool.ntp.org)
Oct 14 23:30:20 kafka-downstream NetworkManager[1018]: <info>  [1760477420.0991] dhcp4 (ens160): state changed new lease, address=192.168.153.148
Oct 14 23:30:20 kafka-downstream systemd[1]: Starting NetworkManager-dispatcher.service - Network Manager Script Dispatcher Service...
Oct 14 23:30:20 kafka-downstream systemd[1]: Started NetworkManager-dispatcher.service - Network Manager Script Dispatcher Service.
Oct 14 23:30:20 kafka-downstream audit[1]: SERVICE_START pid=1 uid=0 auid=4294967295 ses=4294967295 subj=system_u:system_r:init_t:s0 msg='unit=NetworkManager-dispatcher comm="systemd" exe="/usr/lib/systemd/systemd" hostname=? addr=? terminal=? res=success'
Oct 14 23:30:30 kafka-downstream systemd[1]: NetworkManager-dispatcher.service: Deactivated successfully.
Oct 14 23:30:30 kafka-downstream audit[1]: SERVICE_STOP pid=1 uid=0 auid=4294967295 ses=4294967295 subj=system_u:system_r:init_t:s0 msg='unit=NetworkManager-dispatcher comm="systemd" exe="/usr/lib/systemd/systemd" hostname=? addr=? terminal=? res=success'
Oct 14 23:42:48 kafka-downstream chronyd[856]: System clock interference detected (another NTP client?)
Oct 14 23:45:20 kafka-downstream NetworkManager[1018]: <info>  [1760478320.1031] dhcp4 (ens160): state changed new lease, address=192.168.153.148
Oct 14 23:45:20 kafka-downstream systemd[1]: Starting NetworkManager-dispatcher.service - Network Manager Script Dispatcher Service...
Oct 14 23:45:20 kafka-downstream systemd[1]: Started NetworkManager-dispatcher.service - Network Manager Script Dispatcher Service.
Oct 14 23:45:20 kafka-downstream audit[1]: SERVICE_START pid=1 uid=0 auid=4294967295 ses=4294967295 subj=system_u:system_r:init_t:s0 msg='unit=NetworkManager-dispatcher comm="systemd" exe="/usr/lib/systemd/systemd" hostname=? addr=? terminal=? res=success'
Oct 14 23:45:30 kafka-downstream systemd[1]: NetworkManager-dispatcher.service: Deactivated successfully.
Oct 14 23:45:30 kafka-downstream audit[1]: SERVICE_STOP pid=1 uid=0 auid=4294967295 ses=4294967295 subj=system_u:system_r:init_t:s0 msg='unit=NetworkManager-dispatcher comm="systemd" exe="/usr/lib/systemd/systemd" hostname=? addr=? terminal=? res=success'
Oct 14 23:46:03 kafka-downstream chronyd[856]: Detected falseticker 194.58.205.148 (2.fedora.pool.ntp.org)
Oct 14 23:46:03 kafka-downstream chronyd[856]: Detected falseticker 176.126.86.247 (2.fedora.pool.ntp.org)
Oct 14 23:47:08 kafka-downstream chronyd[856]: Selected source 155.4.55.243 (2.fedora.pool.ntp.org)
Oct 14 23:47:08 kafka-downstream chronyd[856]: System clock interference detected (another NTP client?)
Oct 14 23:47:08 kafka-downstream chronyd[856]: Detected falseticker 194.58.205.148 (2.fedora.pool.ntp.org)
Oct 14 23:47:08 kafka-downstream chronyd[856]: Detected falseticker 176.126.86.247 (2.fedora.pool.ntp.org)
Oct 14 23:49:18 kafka-downstream chronyd[856]: Detected falseticker 155.4.55.243 (2.fedora.pool.ntp.org)
Oct 14 23:49:18 kafka-downstream chronyd[856]: Selected source 176.126.86.247 (2.fedora.pool.ntp.org)
Oct 14 23:53:23 kafka-downstream chronyd[856]: System clock interference detected (another NTP client?)
Oct 14 23:56:47 kafka-downstream cupsd[1045]: REQUEST localhost - - "POST / HTTP/1.1" 200 185 Renew-Subscription client-error-not-found
Oct 15 00:00:20 kafka-downstream NetworkManager[1018]: <info>  [1760479220.0984] dhcp4 (ens160): state changed new lease, address=192.168.153.148
Oct 15 00:00:20 kafka-downstream systemd[1]: Starting NetworkManager-dispatcher.service - Network Manager Script Dispatcher Service...
Oct 15 00:00:20 kafka-downstream systemd[1]: Starting unbound-anchor.service - update of the root trust anchor for DNSSEC validation in unbound...
Oct 15 00:00:20 kafka-downstream audit[1]: SERVICE_START pid=1 uid=0 auid=4294967295 ses=4294967295 subj=system_u:system_r:init_t:s0 msg='unit=NetworkManager-dispatcher comm="systemd" exe="/usr/lib/systemd/systemd" hostname=? addr=? terminal=? res=success'
Oct 15 00:00:20 kafka-downstream systemd[1]: Started NetworkManager-dispatcher.service - Network Manager Script Dispatcher Service.
Oct 15 00:00:20 kafka-downstream audit[1]: SERVICE_START pid=1 uid=0 auid=4294967295 ses=4294967295 subj=system_u:system_r:init_t:s0 msg='unit=unbound-anchor comm="systemd" exe="/usr/lib/systemd/systemd" hostname=? addr=? terminal=? res=success'
Oct 15 00:00:20 kafka-downstream audit[1]: SERVICE_STOP pid=1 uid=0 auid=4294967295 ses=4294967295 subj=system_u:system_r:init_t:s0 msg='unit=unbound-anchor comm="systemd" exe="/usr/lib/systemd/systemd" hostname=? addr=? terminal=? res=success'
Oct 15 00:00:20 kafka-downstream systemd[1]: unbound-anchor.service: Deactivated successfully.
Oct 15 00:00:20 kafka-downstream systemd[1]: Finished unbound-anchor.service - update of the root trust anchor for DNSSEC validation in unbound.
Oct 15 00:00:30 kafka-downstream systemd[1]: NetworkManager-dispatcher.service: Deactivated successfully.
Oct 15 00:00:30 kafka-downstream audit[1]: SERVICE_STOP pid=1 uid=0 auid=4294967295 ses=4294967295 subj=system_u:system_r:init_t:s0 msg='unit=NetworkManager-dispatcher comm="systemd" exe="/usr/lib/systemd/systemd" hostname=? addr=? terminal=? res=success'
Oct 15 00:05:26 kafka-downstream audit: BPF prog-id=662 op=LOAD
Oct 15 00:05:26 kafka-downstream systemd[1]: Starting logrotate.service - Rotate log files...
Oct 15 00:05:26 kafka-downstream systemd[1]: logrotate.service: Deactivated successfully.
Oct 15 00:05:26 kafka-downstream systemd[1]: Finished logrotate.service - Rotate log files.
Oct 15 00:05:26 kafka-downstream audit[1]: SERVICE_START pid=1 uid=0 auid=4294967295 ses=4294967295 subj=system_u:system_r:init_t:s0 msg='unit=logrotate comm="systemd" exe="/usr/lib/systemd/systemd" hostname=? addr=? terminal=? res=success'
Oct 15 00:05:26 kafka-downstream audit[1]: SERVICE_STOP pid=1 uid=0 auid=4294967295 ses=4294967295 subj=system_u:system_r:init_t:s0 msg='unit=logrotate comm="systemd" exe="/usr/lib/systemd/systemd" hostname=? addr=? terminal=? res=success'
Oct 15 00:05:26 kafka-downstream audit: BPF prog-id=662 op=UNLOAD
Oct 15 00:15:20 kafka-downstream NetworkManager[1018]: <info>  [1760480120.1059] dhcp4 (ens160): state changed new lease, address=192.168.153.148
Oct 15 00:15:20 kafka-downstream systemd[1]: Starting NetworkManager-dispatcher.service - Network Manager Script Dispatcher Service...
Oct 15 00:15:20 kafka-downstream audit: BPF prog-id=543 op=UNLOAD
Oct 15 00:15:20 kafka-downstream audit: BPF prog-id=542 op=UNLOAD
Oct 15 00:15:20 kafka-downstream audit: BPF prog-id=663 op=LOAD
Oct 15 00:15:20 kafka-downstream audit: BPF prog-id=664 op=LOAD
Oct 15 00:15:20 kafka-downstream audit: BPF prog-id=665 op=LOAD
Oct 15 00:15:20 kafka-downstream systemd[1]: Starting plocate-updatedb.service - Update the plocate database...
Oct 15 00:15:20 kafka-downstream systemd[1]: Started NetworkManager-dispatcher.service - Network Manager Script Dispatcher Service.
Oct 15 00:15:20 kafka-downstream audit[1]: SERVICE_START pid=1 uid=0 auid=4294967295 ses=4294967295 subj=system_u:system_r:init_t:s0 msg='unit=NetworkManager-dispatcher comm="systemd" exe="/usr/lib/systemd/systemd" hostname=? addr=? terminal=? res=success'
Oct 15 00:15:20 kafka-downstream systemd[1]: plocate-updatedb.service: Deactivated successfully.
Oct 15 00:15:20 kafka-downstream systemd[1]: Finished plocate-updatedb.service - Update the plocate database.
Oct 15 00:15:20 kafka-downstream audit[1]: SERVICE_START pid=1 uid=0 auid=4294967295 ses=4294967295 subj=system_u:system_r:init_t:s0 msg='unit=plocate-updatedb comm="systemd" exe="/usr/lib/systemd/systemd" hostname=? addr=? terminal=? res=success'
Oct 15 00:15:20 kafka-downstream audit[1]: SERVICE_STOP pid=1 uid=0 auid=4294967295 ses=4294967295 subj=system_u:system_r:init_t:s0 msg='unit=plocate-updatedb comm="systemd" exe="/usr/lib/systemd/systemd" hostname=? addr=? terminal=? res=success'
Oct 15 00:15:20 kafka-downstream systemd[1]: plocate-updatedb.service: Consumed 556ms CPU time, 163.8M memory peak.
Oct 15 00:15:20 kafka-downstream audit: BPF prog-id=663 op=UNLOAD
Oct 15 00:15:30 kafka-downstream systemd[1]: NetworkManager-dispatcher.service: Deactivated successfully.
Oct 15 00:15:30 kafka-downstream audit[1]: SERVICE_STOP pid=1 uid=0 auid=4294967295 ses=4294967295 subj=system_u:system_r:init_t:s0 msg='unit=NetworkManager-dispatcher comm="systemd" exe="/usr/lib/systemd/systemd" hostname=? addr=? terminal=? res=success'
Oct 15 00:21:33 kafka-downstream chronyd[856]: Selected source 194.58.205.148 (2.fedora.pool.ntp.org)
Oct 15 00:25:52 kafka-downstream chronyd[856]: Detected falseticker 194.58.205.148 (2.fedora.pool.ntp.org)
Oct 15 00:25:52 kafka-downstream chronyd[856]: Selected source 192.121.108.99 (2.fedora.pool.ntp.org)
Oct 15 00:25:53 kafka-downstream chronyd[856]: Detected falseticker 155.4.55.243 (2.fedora.pool.ntp.org)
Oct 15 00:29:07 kafka-downstream chronyd[856]: Selected source 176.126.86.247 (2.fedora.pool.ntp.org)
Oct 15 00:30:20 kafka-downstream NetworkManager[1018]: <info>  [1760481020.1060] dhcp4 (ens160): state changed new lease, address=192.168.153.148
Oct 15 00:30:20 kafka-downstream systemd[1]: Starting NetworkManager-dispatcher.service - Network Manager Script Dispatcher Service...
Oct 15 00:30:20 kafka-downstream systemd[1]: Started NetworkManager-dispatcher.service - Network Manager Script Dispatcher Service.
Oct 15 00:30:20 kafka-downstream audit[1]: SERVICE_START pid=1 uid=0 auid=4294967295 ses=4294967295 subj=system_u:system_r:init_t:s0 msg='unit=NetworkManager-dispatcher comm="systemd" exe="/usr/lib/systemd/systemd" hostname=? addr=? terminal=? res=success'
Oct 15 00:30:30 kafka-downstream systemd[1]: NetworkManager-dispatcher.service: Deactivated successfully.
Oct 15 00:30:30 kafka-downstream audit[1]: SERVICE_STOP pid=1 uid=0 auid=4294967295 ses=4294967295 subj=system_u:system_r:init_t:s0 msg='unit=NetworkManager-dispatcher comm="systemd" exe="/usr/lib/systemd/systemd" hostname=? addr=? terminal=? res=success'
Oct 15 00:32:20 kafka-downstream chronyd[856]: Selected source 194.58.205.148 (2.fedora.pool.ntp.org)
Oct 15 00:39:52 kafka-downstream chronyd[856]: Detected falseticker 194.58.205.148 (2.fedora.pool.ntp.org)
Oct 15 00:39:52 kafka-downstream chronyd[856]: Detected falseticker 176.126.86.247 (2.fedora.pool.ntp.org)
Oct 15 00:39:52 kafka-downstream chronyd[856]: Selected source 192.121.108.99 (2.fedora.pool.ntp.org)
Oct 15 00:40:58 kafka-downstream chronyd[856]: Selected source 176.126.86.247 (2.fedora.pool.ntp.org)
Oct 15 00:43:06 kafka-downstream chronyd[856]: Selected source 194.58.205.148 (2.fedora.pool.ntp.org)
Oct 15 00:45:20 kafka-downstream NetworkManager[1018]: <info>  [1760481920.1045] dhcp4 (ens160): state changed new lease, address=192.168.153.148
Oct 15 00:45:20 kafka-downstream systemd[1]: Starting NetworkManager-dispatcher.service - Network Manager Script Dispatcher Service...
Oct 15 00:45:20 kafka-downstream audit[1]: SERVICE_START pid=1 uid=0 auid=4294967295 ses=4294967295 subj=system_u:system_r:init_t:s0 msg='unit=NetworkManager-dispatcher comm="systemd" exe="/usr/lib/systemd/systemd" hostname=? addr=? terminal=? res=success'
Oct 15 00:45:20 kafka-downstream systemd[1]: Started NetworkManager-dispatcher.service - Network Manager Script Dispatcher Service.
Oct 15 00:45:30 kafka-downstream systemd[1]: NetworkManager-dispatcher.service: Deactivated successfully.
Oct 15 00:45:30 kafka-downstream audit[1]: SERVICE_STOP pid=1 uid=0 auid=4294967295 ses=4294967295 subj=system_u:system_r:init_t:s0 msg='unit=NetworkManager-dispatcher comm="systemd" exe="/usr/lib/systemd/systemd" hostname=? addr=? terminal=? res=success'
Oct 15 00:55:07 kafka-downstream cupsd[1045]: REQUEST localhost - - "POST / HTTP/1.1" 200 185 Renew-Subscription client-error-not-found
Oct 15 00:57:07 kafka-downstream chronyd[856]: Selected source 176.126.86.247 (2.fedora.pool.ntp.org)
Oct 15 01:00:20 kafka-downstream NetworkManager[1018]: <info>  [1760482820.1103] dhcp4 (ens160): state changed new lease, address=192.168.153.148
Oct 15 01:00:20 kafka-downstream systemd[1]: Starting NetworkManager-dispatcher.service - Network Manager Script Dispatcher Service...
Oct 15 01:00:20 kafka-downstream systemd[1]: Started NetworkManager-dispatcher.service - Network Manager Script Dispatcher Service.
Oct 15 01:00:20 kafka-downstream audit[1]: SERVICE_START pid=1 uid=0 auid=4294967295 ses=4294967295 subj=system_u:system_r:init_t:s0 msg='unit=NetworkManager-dispatcher comm="systemd" exe="/usr/lib/systemd/systemd" hostname=? addr=? terminal=? res=success'
Oct 15 01:00:30 kafka-downstream systemd[1]: NetworkManager-dispatcher.service: Deactivated successfully.
Oct 15 01:00:30 kafka-downstream audit[1]: SERVICE_STOP pid=1 uid=0 auid=4294967295 ses=4294967295 subj=system_u:system_r:init_t:s0 msg='unit=NetworkManager-dispatcher comm="systemd" exe="/usr/lib/systemd/systemd" hostname=? addr=? terminal=? res=success'
Oct 15 01:00:40 kafka-downstream NetworkManager[1018]: <info>  [1760482840.3551] manager: NetworkManager state is now CONNECTED_SITE
Oct 15 01:00:40 kafka-downstream systemd[1]: Starting NetworkManager-dispatcher.service - Network Manager Script Dispatcher Service...
Oct 15 01:00:40 kafka-downstream systemd[1]: Started NetworkManager-dispatcher.service - Network Manager Script Dispatcher Service.
Oct 15 01:00:40 kafka-downstream audit[1]: SERVICE_START pid=1 uid=0 auid=4294967295 ses=4294967295 subj=system_u:system_r:init_t:s0 msg='unit=NetworkManager-dispatcher comm="systemd" exe="/usr/lib/systemd/systemd" hostname=? addr=? terminal=? res=success'
Oct 15 01:00:40 kafka-downstream NetworkManager[1018]: <info>  [1760482840.5060] manager: NetworkManager state is now CONNECTED_GLOBAL
Oct 15 01:00:50 kafka-downstream systemd[1]: NetworkManager-dispatcher.service: Deactivated successfully.
Oct 15 01:00:50 kafka-downstream audit[1]: SERVICE_STOP pid=1 uid=0 auid=4294967295 ses=4294967295 subj=system_u:system_r:init_t:s0 msg='unit=NetworkManager-dispatcher comm="systemd" exe="/usr/lib/systemd/systemd" hostname=? addr=? terminal=? res=success'
Oct 15 01:04:40 kafka-downstream chronyd[856]: Selected source 194.58.205.148 (2.fedora.pool.ntp.org)
Oct 15 01:06:48 kafka-downstream chronyd[856]: Detected falseticker 194.58.205.148 (2.fedora.pool.ntp.org)
Oct 15 01:06:48 kafka-downstream chronyd[856]: Detected falseticker 176.126.86.247 (2.fedora.pool.ntp.org)
Oct 15 01:06:48 kafka-downstream chronyd[856]: Selected source 192.121.108.99 (2.fedora.pool.ntp.org)
Oct 15 01:08:50 kafka-downstream chronyd[856]: Selected source 176.126.86.247 (2.fedora.pool.ntp.org)
Oct 15 01:15:20 kafka-downstream NetworkManager[1018]: <info>  [1760483720.1087] dhcp4 (ens160): state changed new lease, address=192.168.153.148
Oct 15 01:15:20 kafka-downstream systemd[1]: Starting NetworkManager-dispatcher.service - Network Manager Script Dispatcher Service...
Oct 15 01:15:20 kafka-downstream audit[1]: SERVICE_START pid=1 uid=0 auid=4294967295 ses=4294967295 subj=system_u:system_r:init_t:s0 msg='unit=NetworkManager-dispatcher comm="systemd" exe="/usr/lib/systemd/systemd" hostname=? addr=? terminal=? res=success'
Oct 15 01:15:20 kafka-downstream systemd[1]: Started NetworkManager-dispatcher.service - Network Manager Script Dispatcher Service.
Oct 15 01:15:30 kafka-downstream systemd[1]: NetworkManager-dispatcher.service: Deactivated successfully.
Oct 15 01:15:30 kafka-downstream audit[1]: SERVICE_STOP pid=1 uid=0 auid=4294967295 ses=4294967295 subj=system_u:system_r:init_t:s0 msg='unit=NetworkManager-dispatcher comm="systemd" exe="/usr/lib/systemd/systemd" hostname=? addr=? terminal=? res=success'
Oct 15 01:21:46 kafka-downstream chronyd[856]: Detected falseticker 192.121.108.99 (2.fedora.pool.ntp.org)
Oct 15 01:21:53 kafka-downstream chronyd[856]: Can't synchronise: no majority (only 2 of 4 sources agree)
Oct 15 01:21:54 kafka-downstream chronyd[856]: Detected falseticker 155.4.55.243 (2.fedora.pool.ntp.org)
Oct 15 01:21:54 kafka-downstream chronyd[856]: Selected source 194.58.205.148 (2.fedora.pool.ntp.org)
Oct 15 01:24:02 kafka-downstream chronyd[856]: Selected source 176.126.86.247 (2.fedora.pool.ntp.org)
Oct 15 01:30:20 kafka-downstream NetworkManager[1018]: <info>  [1760484620.1103] dhcp4 (ens160): state changed new lease, address=192.168.153.148
Oct 15 01:30:20 kafka-downstream systemd[1]: Starting NetworkManager-dispatcher.service - Network Manager Script Dispatcher Service...
Oct 15 01:30:20 kafka-downstream systemd[1]: Started NetworkManager-dispatcher.service - Network Manager Script Dispatcher Service.
Oct 15 01:30:20 kafka-downstream audit[1]: SERVICE_START pid=1 uid=0 auid=4294967295 ses=4294967295 subj=system_u:system_r:init_t:s0 msg='unit=NetworkManager-dispatcher comm="systemd" exe="/usr/lib/systemd/systemd" hostname=? addr=? terminal=? res=success'
Oct 15 01:30:30 kafka-downstream systemd[1]: NetworkManager-dispatcher.service: Deactivated successfully.
Oct 15 01:30:30 kafka-downstream audit[1]: SERVICE_STOP pid=1 uid=0 auid=4294967295 ses=4294967295 subj=system_u:system_r:init_t:s0 msg='unit=NetworkManager-dispatcher comm="systemd" exe="/usr/lib/systemd/systemd" hostname=? addr=? terminal=? res=success'
Oct 15 01:45:20 kafka-downstream NetworkManager[1018]: <info>  [1760485520.1086] dhcp4 (ens160): state changed new lease, address=192.168.153.148
Oct 15 01:45:20 kafka-downstream systemd[1]: Starting NetworkManager-dispatcher.service - Network Manager Script Dispatcher Service...
Oct 15 01:45:20 kafka-downstream systemd[1]: Started NetworkManager-dispatcher.service - Network Manager Script Dispatcher Service.
Oct 15 01:45:20 kafka-downstream audit[1]: SERVICE_START pid=1 uid=0 auid=4294967295 ses=4294967295 subj=system_u:system_r:init_t:s0 msg='unit=NetworkManager-dispatcher comm="systemd" exe="/usr/lib/systemd/systemd" hostname=? addr=? terminal=? res=success'
Oct 15 01:45:30 kafka-downstream systemd[1]: NetworkManager-dispatcher.service: Deactivated successfully.
Oct 15 01:45:30 kafka-downstream audit[1]: SERVICE_STOP pid=1 uid=0 auid=4294967295 ses=4294967295 subj=system_u:system_r:init_t:s0 msg='unit=NetworkManager-dispatcher comm="systemd" exe="/usr/lib/systemd/systemd" hostname=? addr=? terminal=? res=success'
Oct 15 01:53:27 kafka-downstream cupsd[1045]: REQUEST localhost - - "POST / HTTP/1.1" 200 185 Renew-Subscription client-error-not-found
Oct 15 01:59:34 kafka-downstream chronyd[856]: System clock interference detected (another NTP client?)
Oct 15 02:00:20 kafka-downstream NetworkManager[1018]: <info>  [1760486420.1099] dhcp4 (ens160): state changed new lease, address=192.168.153.148
Oct 15 02:00:20 kafka-downstream systemd[1]: Starting NetworkManager-dispatcher.service - Network Manager Script Dispatcher Service...
Oct 15 02:00:20 kafka-downstream systemd[1]: Started NetworkManager-dispatcher.service - Network Manager Script Dispatcher Service.
Oct 15 02:00:20 kafka-downstream audit[1]: SERVICE_START pid=1 uid=0 auid=4294967295 ses=4294967295 subj=system_u:system_r:init_t:s0 msg='unit=NetworkManager-dispatcher comm="systemd" exe="/usr/lib/systemd/systemd" hostname=? addr=? terminal=? res=success'
Oct 15 02:00:30 kafka-downstream systemd[1]: NetworkManager-dispatcher.service: Deactivated successfully.
Oct 15 02:00:30 kafka-downstream audit[1]: SERVICE_STOP pid=1 uid=0 auid=4294967295 ses=4294967295 subj=system_u:system_r:init_t:s0 msg='unit=NetworkManager-dispatcher comm="systemd" exe="/usr/lib/systemd/systemd" hostname=? addr=? terminal=? res=success'
Oct 15 02:10:06 kafka-downstream systemd[1]: Starting dnf-makecache.service - dnf5 makecache...
Oct 15 02:10:06 kafka-downstream dnf5[30919]: Updating and loading repositories:
Oct 15 02:10:06 kafka-downstream dnf5[30919]: Repositories loaded.
Oct 15 02:10:06 kafka-downstream dnf5[30919]: Metadata cache created.
Oct 15 02:10:06 kafka-downstream systemd[1]: dnf-makecache.service: Deactivated successfully.
Oct 15 02:10:06 kafka-downstream systemd[1]: Finished dnf-makecache.service - dnf5 makecache.
Oct 15 02:10:06 kafka-downstream audit[1]: SERVICE_START pid=1 uid=0 auid=4294967295 ses=4294967295 subj=system_u:system_r:init_t:s0 msg='unit=dnf-makecache comm="systemd" exe="/usr/lib/systemd/systemd" hostname=? addr=? terminal=? res=success'
Oct 15 02:10:06 kafka-downstream audit[1]: SERVICE_STOP pid=1 uid=0 auid=4294967295 ses=4294967295 subj=system_u:system_r:init_t:s0 msg='unit=dnf-makecache comm="systemd" exe="/usr/lib/systemd/systemd" hostname=? addr=? terminal=? res=success'
Oct 15 02:10:06 kafka-downstream systemd[1]: dnf-makecache.service: Consumed 617ms CPU time, 98.8M memory peak.
Oct 15 02:13:39 kafka-downstream chronyd[856]: Selected source 194.58.205.148 (2.fedora.pool.ntp.org)
Oct 15 02:13:50 kafka-downstream chronyd[856]: System clock interference detected (another NTP client?)
Oct 15 02:15:20 kafka-downstream NetworkManager[1018]: <info>  [1760487320.1099] dhcp4 (ens160): state changed new lease, address=192.168.153.148
Oct 15 02:15:20 kafka-downstream systemd[1]: Starting NetworkManager-dispatcher.service - Network Manager Script Dispatcher Service...
Oct 15 02:15:20 kafka-downstream systemd[1]: Started NetworkManager-dispatcher.service - Network Manager Script Dispatcher Service.
Oct 15 02:15:20 kafka-downstream audit[1]: SERVICE_START pid=1 uid=0 auid=4294967295 ses=4294967295 subj=system_u:system_r:init_t:s0 msg='unit=NetworkManager-dispatcher comm="systemd" exe="/usr/lib/systemd/systemd" hostname=? addr=? terminal=? res=success'
Oct 15 02:15:30 kafka-downstream systemd[1]: NetworkManager-dispatcher.service: Deactivated successfully.
Oct 15 02:15:30 kafka-downstream audit[1]: SERVICE_STOP pid=1 uid=0 auid=4294967295 ses=4294967295 subj=system_u:system_r:init_t:s0 msg='unit=NetworkManager-dispatcher comm="systemd" exe="/usr/lib/systemd/systemd" hostname=? addr=? terminal=? res=success'
Oct 15 02:30:20 kafka-downstream NetworkManager[1018]: <info>  [1760488220.1070] dhcp4 (ens160): state changed new lease, address=192.168.153.148
Oct 15 02:30:20 kafka-downstream systemd[1]: Starting NetworkManager-dispatcher.service - Network Manager Script Dispatcher Service...
Oct 15 02:30:20 kafka-downstream systemd[1]: Started NetworkManager-dispatcher.service - Network Manager Script Dispatcher Service.
Oct 15 02:30:20 kafka-downstream audit[1]: SERVICE_START pid=1 uid=0 auid=4294967295 ses=4294967295 subj=system_u:system_r:init_t:s0 msg='unit=NetworkManager-dispatcher comm="systemd" exe="/usr/lib/systemd/systemd" hostname=? addr=? terminal=? res=success'
Oct 15 02:30:30 kafka-downstream systemd[1]: NetworkManager-dispatcher.service: Deactivated successfully.
Oct 15 02:30:30 kafka-downstream audit[1]: SERVICE_STOP pid=1 uid=0 auid=4294967295 ses=4294967295 subj=system_u:system_r:init_t:s0 msg='unit=NetworkManager-dispatcher comm="systemd" exe="/usr/lib/systemd/systemd" hostname=? addr=? terminal=? res=success'
Oct 15 02:30:51 kafka-downstream chronyd[856]: System clock interference detected (another NTP client?)
Oct 15 02:37:17 kafka-downstream chronyd[856]: Detected falseticker 155.4.55.243 (2.fedora.pool.ntp.org)
Oct 15 02:37:17 kafka-downstream chronyd[856]: Detected falseticker 176.126.86.247 (2.fedora.pool.ntp.org)
Oct 15 02:41:35 kafka-downstream chronyd[856]: Selected source 176.126.86.247 (2.fedora.pool.ntp.org)
Oct 15 02:45:20 kafka-downstream NetworkManager[1018]: <info>  [1760489120.1160] dhcp4 (ens160): state changed new lease, address=192.168.153.148
Oct 15 02:45:20 kafka-downstream systemd[1]: Starting NetworkManager-dispatcher.service - Network Manager Script Dispatcher Service...
Oct 15 02:45:20 kafka-downstream systemd[1]: Started NetworkManager-dispatcher.service - Network Manager Script Dispatcher Service.
Oct 15 02:45:20 kafka-downstream audit[1]: SERVICE_START pid=1 uid=0 auid=4294967295 ses=4294967295 subj=system_u:system_r:init_t:s0 msg='unit=NetworkManager-dispatcher comm="systemd" exe="/usr/lib/systemd/systemd" hostname=? addr=? terminal=? res=success'
Oct 15 02:45:30 kafka-downstream systemd[1]: NetworkManager-dispatcher.service: Deactivated successfully.
Oct 15 02:45:30 kafka-downstream audit[1]: SERVICE_STOP pid=1 uid=0 auid=4294967295 ses=4294967295 subj=system_u:system_r:init_t:s0 msg='unit=NetworkManager-dispatcher comm="systemd" exe="/usr/lib/systemd/systemd" hostname=? addr=? terminal=? res=success'
Oct 15 02:51:47 kafka-downstream cupsd[1045]: REQUEST localhost - - "POST / HTTP/1.1" 200 185 Renew-Subscription client-error-not-found
Oct 15 03:00:20 kafka-downstream NetworkManager[1018]: <info>  [1760490020.1176] dhcp4 (ens160): state changed new lease, address=192.168.153.148
Oct 15 03:00:20 kafka-downstream systemd[1]: Starting NetworkManager-dispatcher.service - Network Manager Script Dispatcher Service...
Oct 15 03:00:20 kafka-downstream systemd[1]: Started NetworkManager-dispatcher.service - Network Manager Script Dispatcher Service.
Oct 15 03:00:20 kafka-downstream audit[1]: SERVICE_START pid=1 uid=0 auid=4294967295 ses=4294967295 subj=system_u:system_r:init_t:s0 msg='unit=NetworkManager-dispatcher comm="systemd" exe="/usr/lib/systemd/systemd" hostname=? addr=? terminal=? res=success'
Oct 15 03:00:30 kafka-downstream systemd[1]: NetworkManager-dispatcher.service: Deactivated successfully.
Oct 15 03:00:30 kafka-downstream audit[1]: SERVICE_STOP pid=1 uid=0 auid=4294967295 ses=4294967295 subj=system_u:system_r:init_t:s0 msg='unit=NetworkManager-dispatcher comm="systemd" exe="/usr/lib/systemd/systemd" hostname=? addr=? terminal=? res=success'
Oct 15 03:11:44 kafka-downstream chronyd[856]: Selected source 194.58.205.148 (2.fedora.pool.ntp.org)
Oct 15 03:15:20 kafka-downstream NetworkManager[1018]: <info>  [1760490920.1238] dhcp4 (ens160): state changed new lease, address=192.168.153.148
Oct 15 03:15:20 kafka-downstream systemd[1]: Starting NetworkManager-dispatcher.service - Network Manager Script Dispatcher Service...
Oct 15 03:15:20 kafka-downstream systemd[1]: Started NetworkManager-dispatcher.service - Network Manager Script Dispatcher Service.
Oct 15 03:15:20 kafka-downstream audit[1]: SERVICE_START pid=1 uid=0 auid=4294967295 ses=4294967295 subj=system_u:system_r:init_t:s0 msg='unit=NetworkManager-dispatcher comm="systemd" exe="/usr/lib/systemd/systemd" hostname=? addr=? terminal=? res=success'
Oct 15 03:15:30 kafka-downstream systemd[1]: NetworkManager-dispatcher.service: Deactivated successfully.
Oct 15 03:15:30 kafka-downstream audit[1]: SERVICE_STOP pid=1 uid=0 auid=4294967295 ses=4294967295 subj=system_u:system_r:init_t:s0 msg='unit=NetworkManager-dispatcher comm="systemd" exe="/usr/lib/systemd/systemd" hostname=? addr=? terminal=? res=success'
Oct 15 03:30:20 kafka-downstream NetworkManager[1018]: <info>  [1760491820.1169] dhcp4 (ens160): state changed new lease, address=192.168.153.148
Oct 15 03:30:20 kafka-downstream systemd[1]: Starting NetworkManager-dispatcher.service - Network Manager Script Dispatcher Service...
Oct 15 03:30:20 kafka-downstream systemd[1]: Started NetworkManager-dispatcher.service - Network Manager Script Dispatcher Service.
Oct 15 03:30:20 kafka-downstream audit[1]: SERVICE_START pid=1 uid=0 auid=4294967295 ses=4294967295 subj=system_u:system_r:init_t:s0 msg='unit=NetworkManager-dispatcher comm="systemd" exe="/usr/lib/systemd/systemd" hostname=? addr=? terminal=? res=success'
Oct 15 03:30:30 kafka-downstream systemd[1]: NetworkManager-dispatcher.service: Deactivated successfully.
Oct 15 03:30:30 kafka-downstream audit[1]: SERVICE_STOP pid=1 uid=0 auid=4294967295 ses=4294967295 subj=system_u:system_r:init_t:s0 msg='unit=NetworkManager-dispatcher comm="systemd" exe="/usr/lib/systemd/systemd" hostname=? addr=? terminal=? res=success'
Oct 15 03:39:47 kafka-downstream chronyd[856]: Detected falseticker 194.58.205.148 (2.fedora.pool.ntp.org)
Oct 15 03:39:47 kafka-downstream chronyd[856]: Selected source 192.121.108.99 (2.fedora.pool.ntp.org)
Oct 15 03:39:48 kafka-downstream chronyd[856]: Detected falseticker 194.58.205.148 (2.fedora.pool.ntp.org)
Oct 15 03:39:49 kafka-downstream chronyd[856]: Detected falseticker 155.4.55.243 (2.fedora.pool.ntp.org)
Oct 15 03:40:53 kafka-downstream chronyd[856]: Selected source 194.58.205.148 (2.fedora.pool.ntp.org)
Oct 15 03:45:20 kafka-downstream NetworkManager[1018]: <info>  [1760492720.1151] dhcp4 (ens160): state changed new lease, address=192.168.153.148
Oct 15 03:45:20 kafka-downstream systemd[1]: Starting NetworkManager-dispatcher.service - Network Manager Script Dispatcher Service...
Oct 15 03:45:20 kafka-downstream systemd[1]: Started NetworkManager-dispatcher.service - Network Manager Script Dispatcher Service.
Oct 15 03:45:20 kafka-downstream audit[1]: SERVICE_START pid=1 uid=0 auid=4294967295 ses=4294967295 subj=system_u:system_r:init_t:s0 msg='unit=NetworkManager-dispatcher comm="systemd" exe="/usr/lib/systemd/systemd" hostname=? addr=? terminal=? res=success'
Oct 15 03:45:30 kafka-downstream systemd[1]: NetworkManager-dispatcher.service: Deactivated successfully.
Oct 15 03:45:30 kafka-downstream audit[1]: SERVICE_STOP pid=1 uid=0 auid=4294967295 ses=4294967295 subj=system_u:system_r:init_t:s0 msg='unit=NetworkManager-dispatcher comm="systemd" exe="/usr/lib/systemd/systemd" hostname=? addr=? terminal=? res=success'
Oct 15 03:50:07 kafka-downstream cupsd[1045]: REQUEST localhost - - "POST / HTTP/1.1" 200 185 Renew-Subscription client-error-not-found
Oct 15 03:52:42 kafka-downstream chronyd[856]: Detected falseticker 194.58.205.148 (2.fedora.pool.ntp.org)
Oct 15 03:52:42 kafka-downstream chronyd[856]: Selected source 192.121.108.99 (2.fedora.pool.ntp.org)
Oct 15 03:52:44 kafka-downstream chronyd[856]: Detected falseticker 194.58.205.148 (2.fedora.pool.ntp.org)
Oct 15 03:52:44 kafka-downstream chronyd[856]: Detected falseticker 176.126.86.247 (2.fedora.pool.ntp.org)
Oct 15 03:53:47 kafka-downstream chronyd[856]: Selected source 194.58.205.148 (2.fedora.pool.ntp.org)
Oct 15 04:00:20 kafka-downstream NetworkManager[1018]: <info>  [1760493620.1246] dhcp4 (ens160): state changed new lease, address=192.168.153.148
Oct 15 04:00:20 kafka-downstream systemd[1]: Starting NetworkManager-dispatcher.service - Network Manager Script Dispatcher Service...
Oct 15 04:00:20 kafka-downstream systemd[1]: Started NetworkManager-dispatcher.service - Network Manager Script Dispatcher Service.
Oct 15 04:00:20 kafka-downstream audit[1]: SERVICE_START pid=1 uid=0 auid=4294967295 ses=4294967295 subj=system_u:system_r:init_t:s0 msg='unit=NetworkManager-dispatcher comm="systemd" exe="/usr/lib/systemd/systemd" hostname=? addr=? terminal=? res=success'
Oct 15 04:00:30 kafka-downstream audit[1]: SERVICE_STOP pid=1 uid=0 auid=4294967295 ses=4294967295 subj=system_u:system_r:init_t:s0 msg='unit=NetworkManager-dispatcher comm="systemd" exe="/usr/lib/systemd/systemd" hostname=? addr=? terminal=? res=success'
Oct 15 04:00:30 kafka-downstream systemd[1]: NetworkManager-dispatcher.service: Deactivated successfully.
Oct 15 04:09:58 kafka-downstream chronyd[856]: Selected source 155.4.55.243 (2.fedora.pool.ntp.org)
Oct 15 04:15:20 kafka-downstream NetworkManager[1018]: <info>  [1760494520.1241] dhcp4 (ens160): state changed new lease, address=192.168.153.148
Oct 15 04:15:20 kafka-downstream systemd[1]: Starting NetworkManager-dispatcher.service - Network Manager Script Dispatcher Service...
Oct 15 04:15:20 kafka-downstream systemd[1]: Started NetworkManager-dispatcher.service - Network Manager Script Dispatcher Service.
Oct 15 04:15:20 kafka-downstream audit[1]: SERVICE_START pid=1 uid=0 auid=4294967295 ses=4294967295 subj=system_u:system_r:init_t:s0 msg='unit=NetworkManager-dispatcher comm="systemd" exe="/usr/lib/systemd/systemd" hostname=? addr=? terminal=? res=success'
Oct 15 04:15:30 kafka-downstream systemd[1]: NetworkManager-dispatcher.service: Deactivated successfully.
Oct 15 04:15:30 kafka-downstream audit[1]: SERVICE_STOP pid=1 uid=0 auid=4294967295 ses=4294967295 subj=system_u:system_r:init_t:s0 msg='unit=NetworkManager-dispatcher comm="systemd" exe="/usr/lib/systemd/systemd" hostname=? addr=? terminal=? res=success'
Oct 15 04:19:39 kafka-downstream chronyd[856]: Selected source 194.58.205.148 (2.fedora.pool.ntp.org)
Oct 15 04:30:20 kafka-downstream NetworkManager[1018]: <info>  [1760495420.1285] dhcp4 (ens160): state changed new lease, address=192.168.153.148
Oct 15 04:30:20 kafka-downstream systemd[1]: Starting NetworkManager-dispatcher.service - Network Manager Script Dispatcher Service...
Oct 15 04:30:20 kafka-downstream systemd[1]: Started NetworkManager-dispatcher.service - Network Manager Script Dispatcher Service.
Oct 15 04:30:20 kafka-downstream audit[1]: SERVICE_START pid=1 uid=0 auid=4294967295 ses=4294967295 subj=system_u:system_r:init_t:s0 msg='unit=NetworkManager-dispatcher comm="systemd" exe="/usr/lib/systemd/systemd" hostname=? addr=? terminal=? res=success'
Oct 15 04:30:30 kafka-downstream systemd[1]: NetworkManager-dispatcher.service: Deactivated successfully.
Oct 15 04:30:30 kafka-downstream audit[1]: SERVICE_STOP pid=1 uid=0 auid=4294967295 ses=4294967295 subj=system_u:system_r:init_t:s0 msg='unit=NetworkManager-dispatcher comm="systemd" exe="/usr/lib/systemd/systemd" hostname=? addr=? terminal=? res=success'
Oct 15 04:45:20 kafka-downstream NetworkManager[1018]: <info>  [1760496320.1241] dhcp4 (ens160): state changed new lease, address=192.168.153.148
Oct 15 04:45:20 kafka-downstream systemd[1]: Starting NetworkManager-dispatcher.service - Network Manager Script Dispatcher Service...
Oct 15 04:45:20 kafka-downstream systemd[1]: Started NetworkManager-dispatcher.service - Network Manager Script Dispatcher Service.
Oct 15 04:45:20 kafka-downstream audit[1]: SERVICE_START pid=1 uid=0 auid=4294967295 ses=4294967295 subj=system_u:system_r:init_t:s0 msg='unit=NetworkManager-dispatcher comm="systemd" exe="/usr/lib/systemd/systemd" hostname=? addr=? terminal=? res=success'
Oct 15 04:45:30 kafka-downstream systemd[1]: NetworkManager-dispatcher.service: Deactivated successfully.
Oct 15 04:45:30 kafka-downstream audit[1]: SERVICE_STOP pid=1 uid=0 auid=4294967295 ses=4294967295 subj=system_u:system_r:init_t:s0 msg='unit=NetworkManager-dispatcher comm="systemd" exe="/usr/lib/systemd/systemd" hostname=? addr=? terminal=? res=success'
Oct 15 04:48:27 kafka-downstream cupsd[1045]: REQUEST localhost - - "POST / HTTP/1.1" 200 185 Renew-Subscription client-error-not-found
Oct 15 04:58:50 kafka-downstream chronyd[856]: System clock interference detected (another NTP client?)
Oct 15 05:00:20 kafka-downstream NetworkManager[1018]: <info>  [1760497220.1209] dhcp4 (ens160): state changed new lease, address=192.168.153.148
Oct 15 05:00:20 kafka-downstream systemd[1]: Starting NetworkManager-dispatcher.service - Network Manager Script Dispatcher Service...
Oct 15 05:00:20 kafka-downstream audit[1]: SERVICE_START pid=1 uid=0 auid=4294967295 ses=4294967295 subj=system_u:system_r:init_t:s0 msg='unit=NetworkManager-dispatcher comm="systemd" exe="/usr/lib/systemd/systemd" hostname=? addr=? terminal=? res=success'
Oct 15 05:00:20 kafka-downstream systemd[1]: Started NetworkManager-dispatcher.service - Network Manager Script Dispatcher Service.
Oct 15 05:00:30 kafka-downstream systemd[1]: NetworkManager-dispatcher.service: Deactivated successfully.
Oct 15 05:00:30 kafka-downstream audit[1]: SERVICE_STOP pid=1 uid=0 auid=4294967295 ses=4294967295 subj=system_u:system_r:init_t:s0 msg='unit=NetworkManager-dispatcher comm="systemd" exe="/usr/lib/systemd/systemd" hostname=? addr=? terminal=? res=success'
Oct 15 05:02:33 kafka-downstream chronyd[856]: System clock interference detected (another NTP client?)
Oct 15 05:09:49 kafka-downstream chronyd[856]: System clock interference detected (another NTP client?)
