Oct 15 05:15:20 kafka-downstream NetworkManager[1018]: <info>  [1760498120.1265] dhcp4 (ens160): state changed new lease, address=192.168.153.148
Oct 15 05:15:20 kafka-downstream systemd[1]: Starting NetworkManager-dispatcher.service - Network Manager Script Dispatcher Service...
Oct 15 05:15:20 kafka-downstream audit[1]: SERVICE_START pid=1 uid=0 auid=4294967295 ses=4294967295 subj=system_u:system_r:init_t:s0 msg='unit=NetworkManager-dispatcher comm="systemd" exe="/usr/lib/systemd/systemd" hostname=? addr=? terminal=? res=success'
Oct 15 05:15:20 kafka-downstream systemd[1]: Started NetworkManager-dispatcher.service - Network Manager Script Dispatcher Service.
Oct 15 05:15:30 kafka-downstream systemd[1]: NetworkManager-dispatcher.service: Deactivated successfully.
Oct 15 05:15:30 kafka-downstream audit[1]: SERVICE_STOP pid=1 uid=0 auid=4294967295 ses=4294967295 subj=system_u:system_r:init_t:s0 msg='unit=NetworkManager-dispatcher comm="systemd" exe="/usr/lib/systemd/systemd" hostname=? addr=? terminal=? res=success'
Oct 15 05:20:06 kafka-downstream systemd[1]: Starting dnf-makecache.service - dnf5 makecache...
Oct 15 05:20:06 kafka-downstream dnf5[31451]: Updating and loading repositories:
Oct 15 05:20:07 kafka-downstream dnf5[31451]: Fedora 42 - aarch64 - Updates          100% |  10.5 KiB/s |   8.2 KiB |  00m01s
Oct 15 05:20:09 kafka-downstream dnf5[31451]: Repositories loaded.
Oct 15 05:20:09 kafka-downstream dnf5[31451]: Metadata cache created.
Oct 15 05:20:09 kafka-downstream systemd[1]: dnf-makecache.service: Deactivated successfully.
Oct 15 05:20:09 kafka-downstream systemd[1]: Finished dnf-makecache.service - dnf5 makecache.
Oct 15 05:20:09 kafka-downstream audit[1]: SERVICE_START pid=1 uid=0 auid=4294967295 ses=4294967295 subj=system_u:system_r:init_t:s0 msg='unit=dnf-makecache comm="systemd" exe="/usr/lib/systemd/systemd" hostname=? addr=? terminal=? res=success'
Oct 15 05:20:09 kafka-downstream audit[1]: SERVICE_STOP pid=1 uid=0 auid=4294967295 ses=4294967295 subj=system_u:system_r:init_t:s0 msg='unit=dnf-makecache comm="systemd" exe="/usr/lib/systemd/systemd" hostname=? addr=? terminal=? res=success'
Oct 15 05:20:09 kafka-downstream systemd[1]: dnf-makecache.service: Consumed 1.809s CPU time, 180.2M memory peak.
Oct 15 05:30:20 kafka-downstream NetworkManager[1018]: <info>  [1760499020.1422] dhcp4 (ens160): state changed new lease, address=192.168.153.148
Oct 15 05:30:20 kafka-downstream systemd[1]: Starting NetworkManager-dispatcher.service - Network Manager Script Dispatcher Service...
Oct 15 05:30:20 kafka-downstream systemd[1]: Started NetworkManager-dispatcher.service - Network Manager Script Dispatcher Service.
Oct 15 05:30:20 kafka-downstream audit[1]: SERVICE_START pid=1 uid=0 auid=4294967295 ses=4294967295 subj=system_u:system_r:init_t:s0 msg='unit=NetworkManager-dispatcher comm="systemd" exe="/usr/lib/systemd/systemd" hostname=? addr=? terminal=? res=success'
Oct 15 05:30:30 kafka-downstream systemd[1]: NetworkManager-dispatcher.service: Deactivated successfully.
Oct 15 05:30:30 kafka-downstream audit[1]: SERVICE_STOP pid=1 uid=0 auid=4294967295 ses=4294967295 subj=system_u:system_r:init_t:s0 msg='unit=NetworkManager-dispatcher comm="systemd" exe="/usr/lib/systemd/systemd" hostname=? addr=? terminal=? res=success'
Oct 15 05:43:48 kafka-downstream chronyd[856]: System clock interference detected (another NTP client?)
Oct 15 05:45:20 kafka-downstream NetworkManager[1018]: <info>  [1760499920.1240] dhcp4 (ens160): state changed new lease, address=192.168.153.148
Oct 15 05:45:20 kafka-downstream systemd[1]: Starting NetworkManager-dispatcher.service - Network Manager Script Dispatcher Service...
Oct 15 05:45:20 kafka-downstream systemd[1]: Started NetworkManager-dispatcher.service - Network Manager Script Dispatcher Service.
Oct 15 05:45:20 kafka-downstream audit[1]: SERVICE_START pid=1 uid=0 auid=4294967295 ses=4294967295 subj=system_u:system_r:init_t:s0 msg='unit=NetworkManager-dispatcher comm="systemd" exe="/usr/lib/systemd/systemd" hostname=? addr=? terminal=? res=success'
Oct 15 05:45:30 kafka-downstream systemd[1]: NetworkManager-dispatcher.service: Deactivated successfully.
Oct 15 05:45:30 kafka-downstream audit[1]: SERVICE_STOP pid=1 uid=0 auid=4294967295 ses=4294967295 subj=system_u:system_r:init_t:s0 msg='unit=NetworkManager-dispatcher comm="systemd" exe="/usr/lib/systemd/systemd" hostname=? addr=? terminal=? res=success'
Oct 15 05:46:47 kafka-downstream cupsd[1045]: REQUEST localhost - - "POST / HTTP/1.1" 200 185 Renew-Subscription client-error-not-found
Oct 15 05:53:31 kafka-downstream chronyd[856]: Selected source 176.126.86.247 (2.fedora.pool.ntp.org)
Oct 15 05:54:20 kafka-downstream chronyd[856]: System clock interference detected (another NTP client?)
Oct 15 05:57:48 kafka-downstream chronyd[856]: System clock interference detected (another NTP client?)
Oct 15 06:00:20 kafka-downstream NetworkManager[1018]: <info>  [1760500820.1287] dhcp4 (ens160): state changed new lease, address=192.168.153.148
Oct 15 06:00:20 kafka-downstream systemd[1]: Starting NetworkManager-dispatcher.service - Network Manager Script Dispatcher Service...
Oct 15 06:00:20 kafka-downstream systemd[1]: Started NetworkManager-dispatcher.service - Network Manager Script Dispatcher Service.
Oct 15 06:00:20 kafka-downstream audit[1]: SERVICE_START pid=1 uid=0 auid=4294967295 ses=4294967295 subj=system_u:system_r:init_t:s0 msg='unit=NetworkManager-dispatcher comm="systemd" exe="/usr/lib/systemd/systemd" hostname=? addr=? terminal=? res=success'
Oct 15 06:00:30 kafka-downstream systemd[1]: NetworkManager-dispatcher.service: Deactivated successfully.
Oct 15 06:00:30 kafka-downstream audit[1]: SERVICE_STOP pid=1 uid=0 auid=4294967295 ses=4294967295 subj=system_u:system_r:init_t:s0 msg='unit=NetworkManager-dispatcher comm="systemd" exe="/usr/lib/systemd/systemd" hostname=? addr=? terminal=? res=success'
Oct 15 06:11:49 kafka-downstream chronyd[856]: System clock interference detected (another NTP client?)
Oct 15 06:15:20 kafka-downstream NetworkManager[1018]: <info>  [1760501720.1326] dhcp4 (ens160): state changed new lease, address=192.168.153.148
Oct 15 06:15:20 kafka-downstream systemd[1]: Starting NetworkManager-dispatcher.service - Network Manager Script Dispatcher Service...
Oct 15 06:15:20 kafka-downstream systemd[1]: Started NetworkManager-dispatcher.service - Network Manager Script Dispatcher Service.
Oct 15 06:15:20 kafka-downstream audit[1]: SERVICE_START pid=1 uid=0 auid=4294967295 ses=4294967295 subj=system_u:system_r:init_t:s0 msg='unit=NetworkManager-dispatcher comm="systemd" exe="/usr/lib/systemd/systemd" hostname=? addr=? terminal=? res=success'
Oct 15 06:15:30 kafka-downstream audit[1]: SERVICE_STOP pid=1 uid=0 auid=4294967295 ses=4294967295 subj=system_u:system_r:init_t:s0 msg='unit=NetworkManager-dispatcher comm="systemd" exe="/usr/lib/systemd/systemd" hostname=? addr=? terminal=? res=success'
Oct 15 06:15:30 kafka-downstream systemd[1]: NetworkManager-dispatcher.service: Deactivated successfully.
Oct 15 06:25:50 kafka-downstream chronyd[856]: System clock interference detected (another NTP client?)
Oct 15 06:30:20 kafka-downstream NetworkManager[1018]: <info>  [1760502620.1383] dhcp4 (ens160): state changed new lease, address=192.168.153.148
Oct 15 06:30:20 kafka-downstream systemd[1]: Starting NetworkManager-dispatcher.service - Network Manager Script Dispatcher Service...
Oct 15 06:30:20 kafka-downstream systemd[1]: Started NetworkManager-dispatcher.service - Network Manager Script Dispatcher Service.
Oct 15 06:30:20 kafka-downstream audit[1]: SERVICE_START pid=1 uid=0 auid=4294967295 ses=4294967295 subj=system_u:system_r:init_t:s0 msg='unit=NetworkManager-dispatcher comm="systemd" exe="/usr/lib/systemd/systemd" hostname=? addr=? terminal=? res=success'
Oct 15 06:30:30 kafka-downstream systemd[1]: NetworkManager-dispatcher.service: Deactivated successfully.
Oct 15 06:30:30 kafka-downstream audit[1]: SERVICE_STOP pid=1 uid=0 auid=4294967295 ses=4294967295 subj=system_u:system_r:init_t:s0 msg='unit=NetworkManager-dispatcher comm="systemd" exe="/usr/lib/systemd/systemd" hostname=? addr=? terminal=? res=success'
Oct 15 06:35:35 kafka-downstream chronyd[856]: Selected source 194.58.205.148 (2.fedora.pool.ntp.org)
Oct 15 06:45:07 kafka-downstream cupsd[1045]: REQUEST localhost - - "POST / HTTP/1.1" 200 185 Renew-Subscription client-error-not-found
Oct 15 06:45:20 kafka-downstream NetworkManager[1018]: <info>  [1760503520.1357] dhcp4 (ens160): state changed new lease, address=192.168.153.148
Oct 15 06:45:20 kafka-downstream systemd[1]: Starting NetworkManager-dispatcher.service - Network Manager Script Dispatcher Service...
Oct 15 06:45:20 kafka-downstream systemd[1]: Started NetworkManager-dispatcher.service - Network Manager Script Dispatcher Service.
Oct 15 06:45:20 kafka-downstream audit[1]: SERVICE_START pid=1 uid=0 auid=4294967295 ses=4294967295 subj=system_u:system_r:init_t:s0 msg='unit=NetworkManager-dispatcher comm="systemd" exe="/usr/lib/systemd/systemd" hostname=? addr=? terminal=? res=success'
Oct 15 06:45:30 kafka-downstream systemd[1]: NetworkManager-dispatcher.service: Deactivated successfully.
Oct 15 06:45:30 kafka-downstream audit[1]: SERVICE_STOP pid=1 uid=0 auid=4294967295 ses=4294967295 subj=system_u:system_r:init_t:s0 msg='unit=NetworkManager-dispatcher comm="systemd" exe="/usr/lib/systemd/systemd" hostname=? addr=? terminal=? res=success'
Oct 15 06:49:28 kafka-downstream systemd[1]: Starting packagekit.service - PackageKit Daemon...
Oct 15 06:49:28 kafka-downstream systemd[1]: Starting flatpak-system-helper.service - flatpak system helper...
Oct 15 06:49:28 kafka-downstream systemd[1]: Started flatpak-system-helper.service - flatpak system helper.
Oct 15 06:49:28 kafka-downstream audit[1]: SERVICE_START pid=1 uid=0 auid=4294967295 ses=4294967295 subj=system_u:system_r:init_t:s0 msg='unit=flatpak-system-helper comm="systemd" exe="/usr/lib/systemd/systemd" hostname=? addr=? terminal=? res=success'
Oct 15 06:49:28 kafka-downstream systemd[1]: Started packagekit.service - PackageKit Daemon.
Oct 15 06:49:28 kafka-downstream audit[1]: SERVICE_START pid=1 uid=0 auid=4294967295 ses=4294967295 subj=system_u:system_r:init_t:s0 msg='unit=packagekit comm="systemd" exe="/usr/lib/systemd/systemd" hostname=? addr=? terminal=? res=success'
Oct 15 06:49:28 kafka-downstream PackageKit[31713]: uid 1000 is trying to obtain org.freedesktop.packagekit.system-sources-refresh auth (only_trusted:0)
Oct 15 06:49:28 kafka-downstream PackageKit[31713]: uid 1000 obtained auth for org.freedesktop.packagekit.system-sources-refresh
Oct 15 06:49:32 kafka-downstream gnome-software[2375]: libostree pull from 'flathub' for appstream2/aarch64 complete#012security: GPG: summary+commit #012security: SIGN: disabled http: TLS#012non-delta: meta: 7 content: 7#012transfer: secs: 0 size: 8.6MB
Oct 15 06:49:32 kafka-downstream gnome-software[2375]: /var/tmp/flatpak-cache-B6LWD3/repo-i6tTGb: Pulled appstream2/aarch64 from flathub
Oct 15 06:50:03 kafka-downstream kernel: nvme nvme0: I/O tag 0 (e000) QID 2 timeout, completion polled
Oct 15 06:50:03 kafka-downstream flatpak-system-helper[31720]: system: Pulled appstream2/aarch64 from /var/tmp/flatpak-cache-B6LWD3/repo-i6tTGb
Oct 15 06:50:13 kafka-downstream packagekitd[31713]: Failed to get cache filename for inih
Oct 15 06:50:13 kafka-downstream packagekitd[31713]: Failed to get cache filename for glibc
Oct 15 06:50:13 kafka-downstream packagekitd[31713]: Failed to get cache filename for glibc
Oct 15 06:50:13 kafka-downstream packagekitd[31713]: Failed to get cache filename for inih-cpp
Oct 15 06:50:13 kafka-downstream packagekitd[31713]: Failed to get cache filename for glibc
Oct 15 06:50:13 kafka-downstream packagekitd[31713]: Failed to get cache filename for inih
Oct 15 06:50:13 kafka-downstream packagekitd[31713]: Failed to get cache filename for libgcc
Oct 15 06:50:13 kafka-downstream packagekitd[31713]: Failed to get cache filename for libstdc++
Oct 15 06:50:13 kafka-downstream packagekitd[31713]: Failed to get cache filename for glibc
Oct 15 06:50:13 kafka-downstream packagekitd[31713]: Failed to get cache filename for inih
Oct 15 06:50:13 kafka-downstream packagekitd[31713]: Failed to get cache filename for libgcc
Oct 15 06:50:13 kafka-downstream packagekitd[31713]: Failed to get cache filename for libstdc++
Oct 15 06:50:13 kafka-downstream packagekitd[31713]: Failed to get cache filename for wireless-regdb
Oct 15 06:50:13 kafka-downstream packagekitd[31713]: Failed to get cache filename for filesystem
Oct 15 06:50:13 kafka-downstream packagekitd[31713]: Failed to get cache filename for systemd
Oct 15 06:50:13 kafka-downstream packagekitd[31713]: Failed to get cache filename for systemd-udev
Oct 15 06:50:13 kafka-downstream packagekitd[31713]: Failed to get cache filename for bash
Oct 15 06:50:13 kafka-downstream packagekitd[31713]: Failed to get cache filename for filesystem
Oct 15 06:50:13 kafka-downstream packagekitd[31713]: Failed to get cache filename for iw
Oct 15 06:50:13 kafka-downstream packagekitd[31713]: Failed to get cache filename for systemd
Oct 15 06:50:13 kafka-downstream packagekitd[31713]: Failed to get cache filename for systemd-udev
Oct 15 06:50:13 kafka-downstream packagekitd[31713]: Failed to get cache filename for kernel
Oct 15 06:50:13 kafka-downstream packagekitd[31713]: Failed to get cache filename for kernel-core
Oct 15 06:50:13 kafka-downstream packagekitd[31713]: Failed to get cache filename for kernel-modules
Oct 15 06:50:13 kafka-downstream packagekitd[31713]: Failed to get cache filename for kernel-modules-core
Oct 15 06:50:13 kafka-downstream packagekitd[31713]: Failed to get cache filename for kernel-modules-extra
Oct 15 06:55:18 kafka-downstream systemd[1]: packagekit.service: Deactivated successfully.
Oct 15 06:55:18 kafka-downstream audit[1]: SERVICE_STOP pid=1 uid=0 auid=4294967295 ses=4294967295 subj=system_u:system_r:init_t:s0 msg='unit=packagekit comm="systemd" exe="/usr/lib/systemd/systemd" hostname=? addr=? terminal=? res=success'
Oct 15 06:55:18 kafka-downstream systemd[1]: packagekit.service: Consumed 3.809s CPU time, 312M memory peak.
Oct 15 06:55:58 kafka-downstream chronyd[856]: Selected source 176.126.86.247 (2.fedora.pool.ntp.org)
Oct 15 06:59:33 kafka-downstream systemd[1]: flatpak-system-helper.service: Deactivated successfully.
Oct 15 06:59:33 kafka-downstream audit[1]: SERVICE_STOP pid=1 uid=0 auid=4294967295 ses=4294967295 subj=system_u:system_r:init_t:s0 msg='unit=flatpak-system-helper comm="systemd" exe="/usr/lib/systemd/systemd" hostname=? addr=? terminal=? res=success'
Oct 15 06:59:33 kafka-downstream systemd[1]: flatpak-system-helper.service: Consumed 2.524s CPU time, 358.8M memory peak.
Oct 15 07:00:20 kafka-downstream NetworkManager[1018]: <info>  [1760504420.1361] dhcp4 (ens160): state changed new lease, address=192.168.153.148
Oct 15 07:00:20 kafka-downstream systemd[1]: Starting NetworkManager-dispatcher.service - Network Manager Script Dispatcher Service...
Oct 15 07:00:20 kafka-downstream systemd[1]: Started NetworkManager-dispatcher.service - Network Manager Script Dispatcher Service.
Oct 15 07:00:20 kafka-downstream audit[1]: SERVICE_START pid=1 uid=0 auid=4294967295 ses=4294967295 subj=system_u:system_r:init_t:s0 msg='unit=NetworkManager-dispatcher comm="systemd" exe="/usr/lib/systemd/systemd" hostname=? addr=? terminal=? res=success'
Oct 15 07:00:30 kafka-downstream systemd[1]: NetworkManager-dispatcher.service: Deactivated successfully.
Oct 15 07:00:30 kafka-downstream audit[1]: SERVICE_STOP pid=1 uid=0 auid=4294967295 ses=4294967295 subj=system_u:system_r:init_t:s0 msg='unit=NetworkManager-dispatcher comm="systemd" exe="/usr/lib/systemd/systemd" hostname=? addr=? terminal=? res=success'
Oct 15 07:07:54 kafka-downstream chronyd[856]: System clock interference detected (another NTP client?)
Oct 15 07:12:11 kafka-downstream chronyd[856]: System clock interference detected (another NTP client?)
Oct 15 07:15:20 kafka-downstream NetworkManager[1018]: <info>  [1760505320.1453] dhcp4 (ens160): state changed new lease, address=192.168.153.148
Oct 15 07:15:20 kafka-downstream systemd[1]: Starting NetworkManager-dispatcher.service - Network Manager Script Dispatcher Service...
Oct 15 07:15:20 kafka-downstream systemd[1]: Started NetworkManager-dispatcher.service - Network Manager Script Dispatcher Service.
Oct 15 07:15:20 kafka-downstream audit[1]: SERVICE_START pid=1 uid=0 auid=4294967295 ses=4294967295 subj=system_u:system_r:init_t:s0 msg='unit=NetworkManager-dispatcher comm="systemd" exe="/usr/lib/systemd/systemd" hostname=? addr=? terminal=? res=success'
Oct 15 07:15:30 kafka-downstream systemd[1]: NetworkManager-dispatcher.service: Deactivated successfully.
Oct 15 07:15:30 kafka-downstream audit[1]: SERVICE_STOP pid=1 uid=0 auid=4294967295 ses=4294967295 subj=system_u:system_r:init_t:s0 msg='unit=NetworkManager-dispatcher comm="systemd" exe="/usr/lib/systemd/systemd" hostname=? addr=? terminal=? res=success'
Oct 15 07:16:29 kafka-downstream chronyd[856]: System clock interference detected (another NTP client?)
Oct 15 07:20:45 kafka-downstream chronyd[856]: System clock interference detected (another NTP client?)
Oct 15 07:20:45 kafka-downstream chronyd[856]: Detected falseticker 194.58.205.148 (2.fedora.pool.ntp.org)
Oct 15 07:21:50 kafka-downstream chronyd[856]: System clock interference detected (another NTP client?)
Oct 15 07:21:50 kafka-downstream chronyd[856]: Can't synchronise: no majority (only 2 of 4 sources agree)
Oct 15 07:22:54 kafka-downstream chronyd[856]: Detected falseticker 155.4.55.243 (2.fedora.pool.ntp.org)
Oct 15 07:22:55 kafka-downstream chronyd[856]: Selected source 194.58.205.148 (2.fedora.pool.ntp.org)
Oct 15 07:22:55 kafka-downstream chronyd[856]: System clock interference detected (another NTP client?)
Oct 15 07:30:20 kafka-downstream NetworkManager[1018]: <info>  [1760506220.1492] dhcp4 (ens160): state changed new lease, address=192.168.153.148
Oct 15 07:30:20 kafka-downstream systemd[1]: Starting NetworkManager-dispatcher.service - Network Manager Script Dispatcher Service...
Oct 15 07:30:20 kafka-downstream systemd[1]: Started NetworkManager-dispatcher.service - Network Manager Script Dispatcher Service.
Oct 15 07:30:20 kafka-downstream audit[1]: SERVICE_START pid=1 uid=0 auid=4294967295 ses=4294967295 subj=system_u:system_r:init_t:s0 msg='unit=NetworkManager-dispatcher comm="systemd" exe="/usr/lib/systemd/systemd" hostname=? addr=? terminal=? res=success'
Oct 15 07:30:30 kafka-downstream systemd[1]: NetworkManager-dispatcher.service: Deactivated successfully.
Oct 15 07:30:30 kafka-downstream audit[1]: SERVICE_STOP pid=1 uid=0 auid=4294967295 ses=4294967295 subj=system_u:system_r:init_t:s0 msg='unit=NetworkManager-dispatcher comm="systemd" exe="/usr/lib/systemd/systemd" hostname=? addr=? terminal=? res=success'
Oct 15 07:32:58 kafka-downstream chronyd[856]: System clock interference detected (another NTP client?)
Oct 15 07:43:27 kafka-downstream cupsd[1045]: REQUEST localhost - - "POST / HTTP/1.1" 200 185 Renew-Subscription client-error-not-found
Oct 15 07:44:30 kafka-downstream chronyd[856]: Detected falseticker 194.58.205.148 (2.fedora.pool.ntp.org)
Oct 15 07:44:30 kafka-downstream chronyd[856]: Detected falseticker 176.126.86.247 (2.fedora.pool.ntp.org)
Oct 15 07:44:30 kafka-downstream chronyd[856]: Selected source 192.121.108.99 (2.fedora.pool.ntp.org)
Oct 15 07:44:33 kafka-downstream chronyd[856]: Detected falseticker 194.58.205.148 (2.fedora.pool.ntp.org)
Oct 15 07:44:33 kafka-downstream chronyd[856]: Detected falseticker 176.126.86.247 (2.fedora.pool.ntp.org)
Oct 15 07:45:20 kafka-downstream NetworkManager[1018]: <info>  [1760507120.1371] dhcp4 (ens160): state changed new lease, address=192.168.153.148
Oct 15 07:45:20 kafka-downstream systemd[1]: Starting NetworkManager-dispatcher.service - Network Manager Script Dispatcher Service...
Oct 15 07:45:20 kafka-downstream systemd[1]: Started NetworkManager-dispatcher.service - Network Manager Script Dispatcher Service.
Oct 15 07:45:20 kafka-downstream audit[1]: SERVICE_START pid=1 uid=0 auid=4294967295 ses=4294967295 subj=system_u:system_r:init_t:s0 msg='unit=NetworkManager-dispatcher comm="systemd" exe="/usr/lib/systemd/systemd" hostname=? addr=? terminal=? res=success'
Oct 15 07:45:30 kafka-downstream systemd[1]: NetworkManager-dispatcher.service: Deactivated successfully.
Oct 15 07:45:30 kafka-downstream audit[1]: SERVICE_STOP pid=1 uid=0 auid=4294967295 ses=4294967295 subj=system_u:system_r:init_t:s0 msg='unit=NetworkManager-dispatcher comm="systemd" exe="/usr/lib/systemd/systemd" hostname=? addr=? terminal=? res=success'
Oct 15 07:46:40 kafka-downstream chronyd[856]: Selected source 176.126.86.247 (2.fedora.pool.ntp.org)
Oct 15 07:51:58 kafka-downstream chronyd[856]: Selected source 194.58.205.148 (2.fedora.pool.ntp.org)
Oct 15 08:00:20 kafka-downstream NetworkManager[1018]: <info>  [1760508020.1389] dhcp4 (ens160): state changed new lease, address=192.168.153.148
Oct 15 08:00:20 kafka-downstream systemd[1]: Starting NetworkManager-dispatcher.service - Network Manager Script Dispatcher Service...
Oct 15 08:00:20 kafka-downstream systemd[1]: Started NetworkManager-dispatcher.service - Network Manager Script Dispatcher Service.
Oct 15 08:00:20 kafka-downstream audit[1]: SERVICE_START pid=1 uid=0 auid=4294967295 ses=4294967295 subj=system_u:system_r:init_t:s0 msg='unit=NetworkManager-dispatcher comm="systemd" exe="/usr/lib/systemd/systemd" hostname=? addr=? terminal=? res=success'
Oct 15 08:00:30 kafka-downstream systemd[1]: NetworkManager-dispatcher.service: Deactivated successfully.
Oct 15 08:00:30 kafka-downstream audit[1]: SERVICE_STOP pid=1 uid=0 auid=4294967295 ses=4294967295 subj=system_u:system_r:init_t:s0 msg='unit=NetworkManager-dispatcher comm="systemd" exe="/usr/lib/systemd/systemd" hostname=? addr=? terminal=? res=success'
Oct 15 08:00:36 kafka-downstream chronyd[856]: Detected falseticker 194.58.205.148 (2.fedora.pool.ntp.org)
Oct 15 08:00:36 kafka-downstream chronyd[856]: Selected source 192.121.108.99 (2.fedora.pool.ntp.org)
Oct 15 08:00:40 kafka-downstream chronyd[856]: Detected falseticker 194.58.205.148 (2.fedora.pool.ntp.org)
Oct 15 08:00:40 kafka-downstream chronyd[856]: Detected falseticker 155.4.55.243 (2.fedora.pool.ntp.org)
Oct 15 08:00:41 kafka-downstream chronyd[856]: Selected source 176.126.86.247 (2.fedora.pool.ntp.org)
Oct 15 08:03:49 kafka-downstream chronyd[856]: Selected source 194.58.205.148 (2.fedora.pool.ntp.org)
Oct 15 08:14:33 kafka-downstream chronyd[856]: Detected falseticker 194.58.205.148 (2.fedora.pool.ntp.org)
Oct 15 08:14:33 kafka-downstream chronyd[856]: Detected falseticker 176.126.86.247 (2.fedora.pool.ntp.org)
Oct 15 08:14:33 kafka-downstream chronyd[856]: Selected source 192.121.108.99 (2.fedora.pool.ntp.org)
Oct 15 08:14:38 kafka-downstream chronyd[856]: Detected falseticker 194.58.205.148 (2.fedora.pool.ntp.org)
Oct 15 08:14:38 kafka-downstream chronyd[856]: Detected falseticker 176.126.86.247 (2.fedora.pool.ntp.org)
Oct 15 08:15:20 kafka-downstream NetworkManager[1018]: <info>  [1760508920.1459] dhcp4 (ens160): state changed new lease, address=192.168.153.148
Oct 15 08:15:20 kafka-downstream systemd[1]: Starting NetworkManager-dispatcher.service - Network Manager Script Dispatcher Service...
Oct 15 08:15:20 kafka-downstream audit[1]: SERVICE_START pid=1 uid=0 auid=4294967295 ses=4294967295 subj=system_u:system_r:init_t:s0 msg='unit=NetworkManager-dispatcher comm="systemd" exe="/usr/lib/systemd/systemd" hostname=? addr=? terminal=? res=success'
Oct 15 08:15:20 kafka-downstream systemd[1]: Started NetworkManager-dispatcher.service - Network Manager Script Dispatcher Service.
Oct 15 08:15:30 kafka-downstream systemd[1]: NetworkManager-dispatcher.service: Deactivated successfully.
Oct 15 08:15:30 kafka-downstream audit[1]: SERVICE_STOP pid=1 uid=0 auid=4294967295 ses=4294967295 subj=system_u:system_r:init_t:s0 msg='unit=NetworkManager-dispatcher comm="systemd" exe="/usr/lib/systemd/systemd" hostname=? addr=? terminal=? res=success'
Oct 15 08:16:47 kafka-downstream chronyd[856]: Can't synchronise: no majority (only 2 of 4 sources agree)
Oct 15 08:16:50 kafka-downstream chronyd[856]: Detected falseticker 155.4.55.243 (2.fedora.pool.ntp.org)
Oct 15 08:16:50 kafka-downstream chronyd[856]: Selected source 176.126.86.247 (2.fedora.pool.ntp.org)
Oct 15 08:20:04 kafka-downstream chronyd[856]: Selected source 194.58.205.148 (2.fedora.pool.ntp.org)
Oct 15 08:27:31 kafka-downstream chronyd[856]: Detected falseticker 194.58.205.148 (2.fedora.pool.ntp.org)
Oct 15 08:27:31 kafka-downstream chronyd[856]: Detected falseticker 155.4.55.243 (2.fedora.pool.ntp.org)
Oct 15 08:27:31 kafka-downstream chronyd[856]: Selected source 192.121.108.99 (2.fedora.pool.ntp.org)
Oct 15 08:27:34 kafka-downstream chronyd[856]: Detected falseticker 194.58.205.148 (2.fedora.pool.ntp.org)
Oct 15 08:27:34 kafka-downstream chronyd[856]: Detected falseticker 155.4.55.243 (2.fedora.pool.ntp.org)
Oct 15 08:28:39 kafka-downstream chronyd[856]: Selected source 176.126.86.247 (2.fedora.pool.ntp.org)
Oct 15 08:28:40 kafka-downstream chronyd[856]: Detected falseticker 155.4.55.243 (2.fedora.pool.ntp.org)
Oct 15 08:29:41 kafka-downstream chronyd[856]: Detected falseticker 194.58.205.148 (2.fedora.pool.ntp.org)
Oct 15 08:30:20 kafka-downstream NetworkManager[1018]: <info>  [1760509820.1411] dhcp4 (ens160): state changed new lease, address=192.168.153.148
Oct 15 08:30:20 kafka-downstream systemd[1]: Starting NetworkManager-dispatcher.service - Network Manager Script Dispatcher Service...
Oct 15 08:30:20 kafka-downstream systemd[1]: Started NetworkManager-dispatcher.service - Network Manager Script Dispatcher Service.
Oct 15 08:30:20 kafka-downstream audit[1]: SERVICE_START pid=1 uid=0 auid=4294967295 ses=4294967295 subj=system_u:system_r:init_t:s0 msg='unit=NetworkManager-dispatcher comm="systemd" exe="/usr/lib/systemd/systemd" hostname=? addr=? terminal=? res=success'
Oct 15 08:30:30 kafka-downstream systemd[1]: NetworkManager-dispatcher.service: Deactivated successfully.
Oct 15 08:30:30 kafka-downstream audit[1]: SERVICE_STOP pid=1 uid=0 auid=4294967295 ses=4294967295 subj=system_u:system_r:init_t:s0 msg='unit=NetworkManager-dispatcher comm="systemd" exe="/usr/lib/systemd/systemd" hostname=? addr=? terminal=? res=success'
Oct 15 08:31:51 kafka-downstream chronyd[856]: Selected source 194.58.205.148 (2.fedora.pool.ntp.org)
Oct 15 08:40:27 kafka-downstream chronyd[856]: Detected falseticker 194.58.205.148 (2.fedora.pool.ntp.org)
Oct 15 08:40:27 kafka-downstream chronyd[856]: Detected falseticker 155.4.55.243 (2.fedora.pool.ntp.org)
Oct 15 08:40:27 kafka-downstream chronyd[856]: Selected source 192.121.108.99 (2.fedora.pool.ntp.org)
Oct 15 08:40:29 kafka-downstream chronyd[856]: Detected falseticker 194.58.205.148 (2.fedora.pool.ntp.org)
Oct 15 08:40:29 kafka-downstream chronyd[856]: Detected falseticker 155.4.55.243 (2.fedora.pool.ntp.org)
Oct 15 08:41:47 kafka-downstream cupsd[1045]: REQUEST localhost - - "POST / HTTP/1.1" 200 185 Renew-Subscription client-error-not-found
Oct 15 08:43:46 kafka-downstream chronyd[856]: Selected source 176.126.86.247 (2.fedora.pool.ntp.org)
Oct 15 08:44:47 kafka-downstream chronyd[856]: Detected falseticker 194.58.205.148 (2.fedora.pool.ntp.org)
Oct 15 08:44:50 kafka-downstream chronyd[856]: Detected falseticker 155.4.55.243 (2.fedora.pool.ntp.org)
Oct 15 08:45:06 kafka-downstream systemd[1]: Starting dnf-makecache.service - dnf5 makecache...
Oct 15 08:45:06 kafka-downstream dnf5[32139]: Updating and loading repositories:
Oct 15 08:45:11 kafka-downstream dnf5[32139]: Repositories loaded.
Oct 15 08:45:11 kafka-downstream dnf5[32139]: Metadata cache created.
Oct 15 08:45:11 kafka-downstream systemd[1]: dnf-makecache.service: Deactivated successfully.
Oct 15 08:45:11 kafka-downstream systemd[1]: Finished dnf-makecache.service - dnf5 makecache.
Oct 15 08:45:11 kafka-downstream audit[1]: SERVICE_START pid=1 uid=0 auid=4294967295 ses=4294967295 subj=system_u:system_r:init_t:s0 msg='unit=dnf-makecache comm="systemd" exe="/usr/lib/systemd/systemd" hostname=? addr=? terminal=? res=success'
Oct 15 08:45:11 kafka-downstream audit[1]: SERVICE_STOP pid=1 uid=0 auid=4294967295 ses=4294967295 subj=system_u:system_r:init_t:s0 msg='unit=dnf-makecache comm="systemd" exe="/usr/lib/systemd/systemd" hostname=? addr=? terminal=? res=success'
Oct 15 08:45:11 kafka-downstream systemd[1]: dnf-makecache.service: Consumed 4.622s CPU time, 124.3M memory peak.
Oct 15 08:45:20 kafka-downstream NetworkManager[1018]: <info>  [1760510720.1494] dhcp4 (ens160): state changed new lease, address=192.168.153.148
Oct 15 08:45:20 kafka-downstream systemd[1]: Starting NetworkManager-dispatcher.service - Network Manager Script Dispatcher Service...
Oct 15 08:45:20 kafka-downstream systemd[1]: Started NetworkManager-dispatcher.service - Network Manager Script Dispatcher Service.
Oct 15 08:45:20 kafka-downstream audit[1]: SERVICE_START pid=1 uid=0 auid=4294967295 ses=4294967295 subj=system_u:system_r:init_t:s0 msg='unit=NetworkManager-dispatcher comm="systemd" exe="/usr/lib/systemd/systemd" hostname=? addr=? terminal=? res=success'
Oct 15 08:45:30 kafka-downstream systemd[1]: NetworkManager-dispatcher.service: Deactivated successfully.
Oct 15 08:45:30 kafka-downstream audit[1]: SERVICE_STOP pid=1 uid=0 auid=4294967295 ses=4294967295 subj=system_u:system_r:init_t:s0 msg='unit=NetworkManager-dispatcher comm="systemd" exe="/usr/lib/systemd/systemd" hostname=? addr=? terminal=? res=success'
Oct 15 08:45:51 kafka-downstream chronyd[856]: Detected falseticker 176.126.86.247 (2.fedora.pool.ntp.org)
Oct 15 08:45:51 kafka-downstream chronyd[856]: Selected source 155.4.55.243 (2.fedora.pool.ntp.org)
Oct 15 08:45:52 kafka-downstream chronyd[856]: Detected falseticker 194.58.205.148 (2.fedora.pool.ntp.org)
Oct 15 08:45:52 kafka-downstream chronyd[856]: Detected falseticker 176.126.86.247 (2.fedora.pool.ntp.org)
Oct 15 08:45:56 kafka-downstream chronyd[856]: Detected falseticker 155.4.55.243 (2.fedora.pool.ntp.org)
Oct 15 08:45:56 kafka-downstream chronyd[856]: Selected source 192.121.108.99 (2.fedora.pool.ntp.org)
Oct 15 08:46:57 kafka-downstream chronyd[856]: Selected source 194.58.205.148 (2.fedora.pool.ntp.org)
Oct 15 08:52:23 kafka-downstream chronyd[856]: Detected falseticker 155.4.55.243 (2.fedora.pool.ntp.org)
Oct 15 08:56:38 kafka-downstream chronyd[856]: Detected falseticker 194.58.205.148 (2.fedora.pool.ntp.org)
Oct 15 08:56:38 kafka-downstream chronyd[856]: Selected source 192.121.108.99 (2.fedora.pool.ntp.org)
Oct 15 08:56:40 kafka-downstream chronyd[856]: Detected falseticker 194.58.205.148 (2.fedora.pool.ntp.org)
Oct 15 08:56:41 kafka-downstream chronyd[856]: Detected falseticker 155.4.55.243 (2.fedora.pool.ntp.org)
Oct 15 08:57:45 kafka-downstream chronyd[856]: Selected source 194.58.205.148 (2.fedora.pool.ntp.org)
Oct 15 08:59:52 kafka-downstream chronyd[856]: Detected falseticker 194.58.205.148 (2.fedora.pool.ntp.org)
Oct 15 08:59:52 kafka-downstream chronyd[856]: Selected source 192.121.108.99 (2.fedora.pool.ntp.org)
Oct 15 09:00:20 kafka-downstream NetworkManager[1018]: <info>  [1760511620.1516] dhcp4 (ens160): state changed new lease, address=192.168.153.148
Oct 15 09:00:20 kafka-downstream systemd[1]: Starting NetworkManager-dispatcher.service - Network Manager Script Dispatcher Service...
Oct 15 09:00:20 kafka-downstream systemd[1]: Started NetworkManager-dispatcher.service - Network Manager Script Dispatcher Service.
Oct 15 09:00:20 kafka-downstream audit[1]: SERVICE_START pid=1 uid=0 auid=4294967295 ses=4294967295 subj=system_u:system_r:init_t:s0 msg='unit=NetworkManager-dispatcher comm="systemd" exe="/usr/lib/systemd/systemd" hostname=? addr=? terminal=? res=success'
Oct 15 09:00:30 kafka-downstream audit[1]: SERVICE_STOP pid=1 uid=0 auid=4294967295 ses=4294967295 subj=system_u:system_r:init_t:s0 msg='unit=NetworkManager-dispatcher comm="systemd" exe="/usr/lib/systemd/systemd" hostname=? addr=? terminal=? res=success'
Oct 15 09:00:30 kafka-downstream systemd[1]: NetworkManager-dispatcher.service: Deactivated successfully.
Oct 15 09:00:56 kafka-downstream chronyd[856]: Selected source 194.58.205.148 (2.fedora.pool.ntp.org)
Oct 15 09:08:30 kafka-downstream chronyd[856]: Detected falseticker 194.58.205.148 (2.fedora.pool.ntp.org)
Oct 15 09:08:31 kafka-downstream chronyd[856]: Detected falseticker 155.4.55.243 (2.fedora.pool.ntp.org)
Oct 15 09:08:31 kafka-downstream chronyd[856]: Selected source 192.121.108.99 (2.fedora.pool.ntp.org)
Oct 15 09:08:31 kafka-downstream chronyd[856]: Detected falseticker 155.4.55.243 (2.fedora.pool.ntp.org)
Oct 15 09:09:35 kafka-downstream chronyd[856]: Detected falseticker 194.58.205.148 (2.fedora.pool.ntp.org)
Oct 15 09:09:35 kafka-downstream chronyd[856]: Selected source 176.126.86.247 (2.fedora.pool.ntp.org)
Oct 15 09:09:37 kafka-downstream chronyd[856]: Can't synchronise: no majority (only 2 of 4 sources agree)
Oct 15 09:09:50 kafka-downstream chronyd[856]: Selected source 155.4.55.243 (2.fedora.pool.ntp.org)
Oct 15 09:10:39 kafka-downstream chronyd[856]: Detected falseticker 176.126.86.247 (2.fedora.pool.ntp.org)
Oct 15 09:10:40 kafka-downstream chronyd[856]: Detected falseticker 155.4.55.243 (2.fedora.pool.ntp.org)
Oct 15 09:10:40 kafka-downstream chronyd[856]: Selected source 194.58.205.148 (2.fedora.pool.ntp.org)
Oct 15 09:10:42 kafka-downstream chronyd[856]: Detected falseticker 155.4.55.243 (2.fedora.pool.ntp.org)
Oct 15 09:11:44 kafka-downstream chronyd[856]: Detected falseticker 176.126.86.247 (2.fedora.pool.ntp.org)
Oct 15 09:11:45 kafka-downstream chronyd[856]: Can't synchronise: no majority (only 2 of 4 sources agree)
Oct 15 09:11:47 kafka-downstream chronyd[856]: Selected source 194.58.205.148 (2.fedora.pool.ntp.org)
Oct 15 09:11:59 kafka-downstream chronyd[856]: Detected falseticker 155.4.55.243 (2.fedora.pool.ntp.org)
Oct 15 09:13:53 kafka-downstream chronyd[856]: Detected falseticker 194.58.205.148 (2.fedora.pool.ntp.org)
Oct 15 09:13:53 kafka-downstream chronyd[856]: Selected source 192.121.108.99 (2.fedora.pool.ntp.org)
Oct 15 09:13:57 kafka-downstream chronyd[856]: Selected source 176.126.86.247 (2.fedora.pool.ntp.org)
Oct 15 09:15:20 kafka-downstream NetworkManager[1018]: <info>  [1760512520.1530] dhcp4 (ens160): state changed new lease, address=192.168.153.148
Oct 15 09:15:20 kafka-downstream systemd[1]: Starting NetworkManager-dispatcher.service - Network Manager Script Dispatcher Service...
Oct 15 09:15:20 kafka-downstream systemd[1]: Started NetworkManager-dispatcher.service - Network Manager Script Dispatcher Service.
Oct 15 09:15:20 kafka-downstream audit[1]: SERVICE_START pid=1 uid=0 auid=4294967295 ses=4294967295 subj=system_u:system_r:init_t:s0 msg='unit=NetworkManager-dispatcher comm="systemd" exe="/usr/lib/systemd/systemd" hostname=? addr=? terminal=? res=success'
Oct 15 09:15:30 kafka-downstream systemd[1]: NetworkManager-dispatcher.service: Deactivated successfully.
Oct 15 09:15:30 kafka-downstream audit[1]: SERVICE_STOP pid=1 uid=0 auid=4294967295 ses=4294967295 subj=system_u:system_r:init_t:s0 msg='unit=NetworkManager-dispatcher comm="systemd" exe="/usr/lib/systemd/systemd" hostname=? addr=? terminal=? res=success'
Oct 15 09:17:08 kafka-downstream chronyd[856]: Selected source 194.58.205.148 (2.fedora.pool.ntp.org)
Oct 15 09:21:27 kafka-downstream chronyd[856]: Detected falseticker 155.4.55.243 (2.fedora.pool.ntp.org)
Oct 15 09:22:32 kafka-downstream chronyd[856]: Detected falseticker 194.58.205.148 (2.fedora.pool.ntp.org)
Oct 15 09:22:32 kafka-downstream chronyd[856]: Detected falseticker 176.126.86.247 (2.fedora.pool.ntp.org)
Oct 15 09:22:32 kafka-downstream chronyd[856]: Selected source 192.121.108.99 (2.fedora.pool.ntp.org)
Oct 15 09:23:36 kafka-downstream chronyd[856]: Detected falseticker 194.58.205.148 (2.fedora.pool.ntp.org)
Oct 15 09:23:37 kafka-downstream chronyd[856]: Detected falseticker 155.4.55.243 (2.fedora.pool.ntp.org)
Oct 15 09:23:37 kafka-downstream chronyd[856]: Selected source 176.126.86.247 (2.fedora.pool.ntp.org)
Oct 15 09:23:41 kafka-downstream chronyd[856]: Detected falseticker 155.4.55.243 (2.fedora.pool.ntp.org)
Oct 15 09:24:41 kafka-downstream chronyd[856]: Detected falseticker 194.58.205.148 (2.fedora.pool.ntp.org)
Oct 15 09:30:20 kafka-downstream NetworkManager[1018]: <info>  [1760513420.1687] dhcp4 (ens160): state changed new lease, address=192.168.153.148
Oct 15 09:30:20 kafka-downstream systemd[1]: Starting NetworkManager-dispatcher.service - Network Manager Script Dispatcher Service...
Oct 15 09:30:20 kafka-downstream audit[1]: SERVICE_START pid=1 uid=0 auid=4294967295 ses=4294967295 subj=system_u:system_r:init_t:s0 msg='unit=NetworkManager-dispatcher comm="systemd" exe="/usr/lib/systemd/systemd" hostname=? addr=? terminal=? res=success'
Oct 15 09:30:20 kafka-downstream systemd[1]: Started NetworkManager-dispatcher.service - Network Manager Script Dispatcher Service.
Oct 15 09:30:30 kafka-downstream systemd[1]: NetworkManager-dispatcher.service: Deactivated successfully.
Oct 15 09:30:30 kafka-downstream audit[1]: SERVICE_STOP pid=1 uid=0 auid=4294967295 ses=4294967295 subj=system_u:system_r:init_t:s0 msg='unit=NetworkManager-dispatcher comm="systemd" exe="/usr/lib/systemd/systemd" hostname=? addr=? terminal=? res=success'
Oct 15 09:38:40 kafka-downstream chronyd[856]: Selected source 194.58.205.148 (2.fedora.pool.ntp.org)
Oct 15 09:40:07 kafka-downstream cupsd[1045]: REQUEST localhost - - "POST / HTTP/1.1" 200 185 Renew-Subscription client-error-not-found
Oct 15 09:41:54 kafka-downstream chronyd[856]: Detected falseticker 194.58.205.148 (2.fedora.pool.ntp.org)
Oct 15 09:41:54 kafka-downstream chronyd[856]: Detected falseticker 176.126.86.247 (2.fedora.pool.ntp.org)
Oct 15 09:41:54 kafka-downstream chronyd[856]: Selected source 192.121.108.99 (2.fedora.pool.ntp.org)
Oct 15 09:42:00 kafka-downstream chronyd[856]: Selected source 176.126.86.247 (2.fedora.pool.ntp.org)
Oct 15 09:45:20 kafka-downstream NetworkManager[1018]: <info>  [1760514320.1483] dhcp4 (ens160): state changed new lease, address=192.168.153.148
Oct 15 09:45:20 kafka-downstream systemd[1]: Starting NetworkManager-dispatcher.service - Network Manager Script Dispatcher Service...
Oct 15 09:45:20 kafka-downstream audit[1]: SERVICE_START pid=1 uid=0 auid=4294967295 ses=4294967295 subj=system_u:system_r:init_t:s0 msg='unit=NetworkManager-dispatcher comm="systemd" exe="/usr/lib/systemd/systemd" hostname=? addr=? terminal=? res=success'
Oct 15 09:45:20 kafka-downstream systemd[1]: Started NetworkManager-dispatcher.service - Network Manager Script Dispatcher Service.
Oct 15 09:45:30 kafka-downstream systemd[1]: NetworkManager-dispatcher.service: Deactivated successfully.
Oct 15 09:45:30 kafka-downstream audit[1]: SERVICE_STOP pid=1 uid=0 auid=4294967295 ses=4294967295 subj=system_u:system_r:init_t:s0 msg='unit=NetworkManager-dispatcher comm="systemd" exe="/usr/lib/systemd/systemd" hostname=? addr=? terminal=? res=success'
Oct 15 09:49:27 kafka-downstream chronyd[856]: Detected falseticker 176.126.86.247 (2.fedora.pool.ntp.org)
Oct 15 09:49:27 kafka-downstream chronyd[856]: Selected source 194.58.205.148 (2.fedora.pool.ntp.org)
Oct 15 09:49:27 kafka-downstream chronyd[856]: Detected falseticker 155.4.55.243 (2.fedora.pool.ntp.org)
Oct 15 09:50:31 kafka-downstream chronyd[856]: Detected falseticker 176.126.86.247 (2.fedora.pool.ntp.org)
Oct 15 09:52:42 kafka-downstream chronyd[856]: Can't synchronise: no majority (only 2 of 4 sources agree)
Oct 15 09:52:47 kafka-downstream chronyd[856]: Selected source 194.58.205.148 (2.fedora.pool.ntp.org)
Oct 15 09:54:50 kafka-downstream chronyd[856]: Selected source 176.126.86.247 (2.fedora.pool.ntp.org)
Oct 15 09:58:06 kafka-downstream chronyd[856]: Selected source 194.58.205.148 (2.fedora.pool.ntp.org)
Oct 15 10:00:14 kafka-downstream chronyd[856]: Selected source 176.126.86.247 (2.fedora.pool.ntp.org)
Oct 15 10:00:20 kafka-downstream NetworkManager[1018]: <info>  [1760515220.1675] dhcp4 (ens160): state changed new lease, address=192.168.153.148
Oct 15 10:00:20 kafka-downstream systemd[1]: Starting NetworkManager-dispatcher.service - Network Manager Script Dispatcher Service...
Oct 15 10:00:20 kafka-downstream audit[1]: SERVICE_START pid=1 uid=0 auid=4294967295 ses=4294967295 subj=system_u:system_r:init_t:s0 msg='unit=NetworkManager-dispatcher comm="systemd" exe="/usr/lib/systemd/systemd" hostname=? addr=? terminal=? res=success'
Oct 15 10:00:20 kafka-downstream systemd[1]: Started NetworkManager-dispatcher.service - Network Manager Script Dispatcher Service.
Oct 15 10:00:30 kafka-downstream systemd[1]: NetworkManager-dispatcher.service: Deactivated successfully.
Oct 15 10:00:30 kafka-downstream audit[1]: SERVICE_STOP pid=1 uid=0 auid=4294967295 ses=4294967295 subj=system_u:system_r:init_t:s0 msg='unit=NetworkManager-dispatcher comm="systemd" exe="/usr/lib/systemd/systemd" hostname=? addr=? terminal=? res=success'
Oct 15 10:03:29 kafka-downstream chronyd[856]: Detected falseticker 176.126.86.247 (2.fedora.pool.ntp.org)
Oct 15 10:03:29 kafka-downstream chronyd[856]: Selected source 194.58.205.148 (2.fedora.pool.ntp.org)
Oct 15 10:03:30 kafka-downstream chronyd[856]: Can't synchronise: no majority (only 2 of 4 sources agree)
Oct 15 10:03:36 kafka-downstream chronyd[856]: Detected falseticker 155.4.55.243 (2.fedora.pool.ntp.org)
Oct 15 10:03:36 kafka-downstream chronyd[856]: Selected source 194.58.205.148 (2.fedora.pool.ntp.org)
Oct 15 10:04:34 kafka-downstream chronyd[856]: Detected falseticker 194.58.205.148 (2.fedora.pool.ntp.org)
Oct 15 10:04:41 kafka-downstream chronyd[856]: Detected falseticker 155.4.55.243 (2.fedora.pool.ntp.org)
Oct 15 10:04:41 kafka-downstream chronyd[856]: Selected source 194.58.205.148 (2.fedora.pool.ntp.org)
Oct 15 10:06:43 kafka-downstream chronyd[856]: Selected source 176.126.86.247 (2.fedora.pool.ntp.org)
Oct 15 10:09:57 kafka-downstream chronyd[856]: Detected falseticker 176.126.86.247 (2.fedora.pool.ntp.org)
Oct 15 10:09:57 kafka-downstream chronyd[856]: Selected source 194.58.205.148 (2.fedora.pool.ntp.org)
Oct 15 10:09:58 kafka-downstream chronyd[856]: Can't synchronise: no majority (only 2 of 4 sources agree)
Oct 15 10:10:03 kafka-downstream chronyd[856]: Detected falseticker 155.4.55.243 (2.fedora.pool.ntp.org)
Oct 15 10:10:03 kafka-downstream chronyd[856]: Selected source 194.58.205.148 (2.fedora.pool.ntp.org)
Oct 15 10:14:16 kafka-downstream chronyd[856]: Selected source 176.126.86.247 (2.fedora.pool.ntp.org)
Oct 15 10:15:20 kafka-downstream NetworkManager[1018]: <info>  [1760516120.1499] dhcp4 (ens160): state changed new lease, address=192.168.153.148
Oct 15 10:15:20 kafka-downstream systemd[1]: Starting NetworkManager-dispatcher.service - Network Manager Script Dispatcher Service...
Oct 15 10:15:20 kafka-downstream systemd[1]: Started NetworkManager-dispatcher.service - Network Manager Script Dispatcher Service.
Oct 15 10:15:20 kafka-downstream audit[1]: SERVICE_START pid=1 uid=0 auid=4294967295 ses=4294967295 subj=system_u:system_r:init_t:s0 msg='unit=NetworkManager-dispatcher comm="systemd" exe="/usr/lib/systemd/systemd" hostname=? addr=? terminal=? res=success'
Oct 15 10:15:30 kafka-downstream systemd[1]: NetworkManager-dispatcher.service: Deactivated successfully.
Oct 15 10:15:30 kafka-downstream audit[1]: SERVICE_STOP pid=1 uid=0 auid=4294967295 ses=4294967295 subj=system_u:system_r:init_t:s0 msg='unit=NetworkManager-dispatcher comm="systemd" exe="/usr/lib/systemd/systemd" hostname=? addr=? terminal=? res=success'
Oct 15 10:17:30 kafka-downstream chronyd[856]: Detected falseticker 194.58.205.148 (2.fedora.pool.ntp.org)
Oct 15 10:17:31 kafka-downstream chronyd[856]: Detected falseticker 155.4.55.243 (2.fedora.pool.ntp.org)
Oct 15 10:21:48 kafka-downstream chronyd[856]: Selected source 194.58.205.148 (2.fedora.pool.ntp.org)
Oct 15 10:23:57 kafka-downstream chronyd[856]: Detected falseticker 194.58.205.148 (2.fedora.pool.ntp.org)
Oct 15 10:23:57 kafka-downstream chronyd[856]: Selected source 192.121.108.99 (2.fedora.pool.ntp.org)
Oct 15 10:23:59 kafka-downstream chronyd[856]: Detected falseticker 155.4.55.243 (2.fedora.pool.ntp.org)
Oct 15 10:24:04 kafka-downstream chronyd[856]: Selected source 176.126.86.247 (2.fedora.pool.ntp.org)
Oct 15 10:26:07 kafka-downstream chronyd[856]: Selected source 194.58.205.148 (2.fedora.pool.ntp.org)
Oct 15 10:30:20 kafka-downstream NetworkManager[1018]: <info>  [1760517020.1535] dhcp4 (ens160): state changed new lease, address=192.168.153.148
Oct 15 10:30:20 kafka-downstream systemd[1]: Starting NetworkManager-dispatcher.service - Network Manager Script Dispatcher Service...
Oct 15 10:30:20 kafka-downstream systemd[1]: Started NetworkManager-dispatcher.service - Network Manager Script Dispatcher Service.
Oct 15 10:30:20 kafka-downstream audit[1]: SERVICE_START pid=1 uid=0 auid=4294967295 ses=4294967295 subj=system_u:system_r:init_t:s0 msg='unit=NetworkManager-dispatcher comm="systemd" exe="/usr/lib/systemd/systemd" hostname=? addr=? terminal=? res=success'
Oct 15 10:30:30 kafka-downstream systemd[1]: NetworkManager-dispatcher.service: Deactivated successfully.
Oct 15 10:30:30 kafka-downstream audit[1]: SERVICE_STOP pid=1 uid=0 auid=4294967295 ses=4294967295 subj=system_u:system_r:init_t:s0 msg='unit=NetworkManager-dispatcher comm="systemd" exe="/usr/lib/systemd/systemd" hostname=? addr=? terminal=? res=success'
Oct 15 10:33:40 kafka-downstream chronyd[856]: Detected falseticker 194.58.205.148 (2.fedora.pool.ntp.org)
Oct 15 10:33:40 kafka-downstream chronyd[856]: Selected source 192.121.108.99 (2.fedora.pool.ntp.org)
Oct 15 10:33:46 kafka-downstream chronyd[856]: Selected source 176.126.86.247 (2.fedora.pool.ntp.org)
Oct 15 10:35:49 kafka-downstream chronyd[856]: Selected source 194.58.205.148 (2.fedora.pool.ntp.org)
Oct 15 10:36:54 kafka-downstream chronyd[856]: Detected falseticker 176.126.86.247 (2.fedora.pool.ntp.org)
Oct 15 10:38:04 kafka-downstream chronyd[856]: Detected falseticker 194.58.205.148 (2.fedora.pool.ntp.org)
Oct 15 10:38:04 kafka-downstream chronyd[856]: Selected source 192.121.108.99 (2.fedora.pool.ntp.org)
Oct 15 10:38:12 kafka-downstream chronyd[856]: Detected falseticker 194.58.205.148 (2.fedora.pool.ntp.org)
Oct 15 10:38:27 kafka-downstream cupsd[1045]: REQUEST localhost - - "POST / HTTP/1.1" 200 185 Renew-Subscription client-error-not-found
Oct 15 10:39:09 kafka-downstream chronyd[856]: Selected source 194.58.205.148 (2.fedora.pool.ntp.org)
Oct 15 10:41:13 kafka-downstream chronyd[856]: Detected falseticker 194.58.205.148 (2.fedora.pool.ntp.org)
Oct 15 10:41:13 kafka-downstream chronyd[856]: Detected falseticker 176.126.86.247 (2.fedora.pool.ntp.org)
Oct 15 10:41:13 kafka-downstream chronyd[856]: Selected source 192.121.108.99 (2.fedora.pool.ntp.org)
Oct 15 10:42:20 kafka-downstream chronyd[856]: Selected source 176.126.86.247 (2.fedora.pool.ntp.org)
Oct 15 10:44:28 kafka-downstream chronyd[856]: Selected source 194.58.205.148 (2.fedora.pool.ntp.org)
Oct 15 10:45:20 kafka-downstream NetworkManager[1018]: <info>  [1760517920.1620] dhcp4 (ens160): state changed new lease, address=192.168.153.148
Oct 15 10:45:20 kafka-downstream systemd[1]: Starting NetworkManager-dispatcher.service - Network Manager Script Dispatcher Service...
Oct 15 10:45:20 kafka-downstream systemd[1]: Started NetworkManager-dispatcher.service - Network Manager Script Dispatcher Service.
Oct 15 10:45:20 kafka-downstream audit[1]: SERVICE_START pid=1 uid=0 auid=4294967295 ses=4294967295 subj=system_u:system_r:init_t:s0 msg='unit=NetworkManager-dispatcher comm="systemd" exe="/usr/lib/systemd/systemd" hostname=? addr=? terminal=? res=success'
Oct 15 10:45:30 kafka-downstream systemd[1]: NetworkManager-dispatcher.service: Deactivated successfully.
Oct 15 10:45:30 kafka-downstream audit[1]: SERVICE_STOP pid=1 uid=0 auid=4294967295 ses=4294967295 subj=system_u:system_r:init_t:s0 msg='unit=NetworkManager-dispatcher comm="systemd" exe="/usr/lib/systemd/systemd" hostname=? addr=? terminal=? res=success'
Oct 15 11:00:20 kafka-downstream NetworkManager[1018]: <info>  [1760518820.1561] dhcp4 (ens160): state changed new lease, address=192.168.153.148
Oct 15 11:00:20 kafka-downstream systemd[1]: Starting NetworkManager-dispatcher.service - Network Manager Script Dispatcher Service...
Oct 15 11:00:20 kafka-downstream systemd[1]: Started NetworkManager-dispatcher.service - Network Manager Script Dispatcher Service.
Oct 15 11:00:20 kafka-downstream audit[1]: SERVICE_START pid=1 uid=0 auid=4294967295 ses=4294967295 subj=system_u:system_r:init_t:s0 msg='unit=NetworkManager-dispatcher comm="systemd" exe="/usr/lib/systemd/systemd" hostname=? addr=? terminal=? res=success'
Oct 15 11:00:30 kafka-downstream systemd[1]: NetworkManager-dispatcher.service: Deactivated successfully.
Oct 15 11:00:30 kafka-downstream audit[1]: SERVICE_STOP pid=1 uid=0 auid=4294967295 ses=4294967295 subj=system_u:system_r:init_t:s0 msg='unit=NetworkManager-dispatcher comm="systemd" exe="/usr/lib/systemd/systemd" hostname=? addr=? terminal=? res=success'
Oct 15 11:09:15 kafka-downstream chronyd[856]: Selected source 176.126.86.247 (2.fedora.pool.ntp.org)
Oct 15 11:11:25 kafka-downstream chronyd[856]: System clock interference detected (another NTP client?)
Oct 15 11:15:20 kafka-downstream NetworkManager[1018]: <info>  [1760519720.1542] dhcp4 (ens160): state changed new lease, address=192.168.153.148
Oct 15 11:15:20 kafka-downstream systemd[1]: Starting NetworkManager-dispatcher.service - Network Manager Script Dispatcher Service...
Oct 15 11:15:20 kafka-downstream audit[1]: SERVICE_START pid=1 uid=0 auid=4294967295 ses=4294967295 subj=system_u:system_r:init_t:s0 msg='unit=NetworkManager-dispatcher comm="systemd" exe="/usr/lib/systemd/systemd" hostname=? addr=? terminal=? res=success'
